Apr 16 13:31:37 localhost systemd[1351]: Stopped D-Bus User Message Bus.
Apr 16 13:31:37 localhost gnome-session[1391]: gnome-session-binary[1391]: WARNING: Lost name on bus: org.gnome.SessionManager
Apr 16 13:31:37 localhost gnome-session-binary[1391]: WARNING: Lost name on bus: org.gnome.SessionManager
Apr 16 13:31:37 localhost abrt-applet.desktop[1837]: abrt-applet: Problem connecting to dbus
Apr 16 13:31:37 localhost systemd[1351]: Started D-Bus User Message Bus.
Apr 16 13:31:37 localhost tracker-miner-fs.desktop[1848]: Received signal:15->'Terminated'
Apr 16 13:31:37 localhost systemd-logind[774]: System is rebooting.
Apr 16 13:31:37 localhost journal[1848]: Owner of volume monitor org.gtk.vfs.UDisks2VolumeMonitor disconnected from the bus; removing drives/volumes/mounts
Apr 16 13:31:37 localhost journal[1848]: Owner of volume monitor org.gtk.vfs.GoaVolumeMonitor disconnected from the bus; removing drives/volumes/mounts
Apr 16 13:31:37 localhost rsyslogd[706]: action 'action-0-builtin:omfile' resumed (module 'builtin:omfile') [v8.39.0 try http://www.rsyslog.com/e/2359 ]
Apr 16 13:31:37 localhost journal[1848]: Owner of volume monitor org.gtk.vfs.AfcVolumeMonitor disconnected from the bus; removing drives/volumes/mounts
Apr 16 13:31:37 localhost rsyslogd[706]: action 'action-0-builtin:omfile' suspended (module 'builtin:omfile'), retry 0. There should be messages before this one giving the reason for suspension. [v8.39.0 try http://www.rsyslog.com/e/2007 ]
Apr 16 13:31:37 localhost journal[1848]: Owner of volume monitor org.gtk.vfs.MTPVolumeMonitor disconnected from the bus; removing drives/volumes/mounts
Apr 16 13:31:37 localhost rsyslogd[706]: action 'action-0-builtin:omfile' resumed (module 'builtin:omfile') [v8.39.0 try http://www.rsyslog.com/e/2359 ]
Apr 16 13:31:37 localhost journal[1848]: Owner of volume monitor org.gtk.vfs.GPhoto2VolumeMonitor disconnected from the bus; removing drives/volumes/mounts
Apr 16 13:31:37 localhost rsyslogd[706]: action 'action-0-builtin:omfile' suspended (module 'builtin:omfile'), retry 0. There should be messages before this one giving the reason for suspension. [v8.39.0 try http://www.rsyslog.com/e/2007 ]
Apr 16 13:31:37 localhost journal[1848]: Error while sending AddMatch() message: The connection is closed
Apr 16 13:31:37 localhost rsyslogd[706]: action 'action-0-builtin:omfile' resumed (module 'builtin:omfile') [v8.39.0 try http://www.rsyslog.com/e/2359 ]
Apr 16 13:31:37 localhost journal[1848]: Error while sending AddMatch() message: The connection is closed
Apr 16 13:31:37 localhost rsyslogd[706]: action 'action-0-builtin:omfile' suspended (module 'builtin:omfile'), retry 0. There should be messages before this one giving the reason for suspension. [v8.39.0 try http://www.rsyslog.com/e/2007 ]
Apr 16 13:31:37 localhost journal[1848]: Error while sending AddMatch() message: The connection is closed
Apr 16 13:31:37 localhost rsyslogd[706]: action 'action-0-builtin:omfile' resumed (module 'builtin:omfile') [v8.39.0 try http://www.rsyslog.com/e/2359 ]
Apr 16 13:31:37 localhost rsyslogd[706]: action 'action-0-builtin:omfile' suspended (module 'builtin:omfile'), retry 0. There should be messages before this one giving the reason for suspension. [v8.39.0 try http://www.rsyslog.com/e/2007 ]
Apr 16 13:31:37 localhost rsyslogd[706]: action 'action-0-builtin:omfile' resumed (module 'builtin:omfile') [v8.39.0 try http://www.rsyslog.com/e/2359 ]
Apr 16 13:31:37 localhost rsyslogd[706]: action 'action-0-builtin:omfile' suspended (module 'builtin:omfile'), retry 0. There should be messages before this one giving the reason for suspension. [v8.39.0 try http://www.rsyslog.com/e/2007 ]
Apr 16 13:31:37 localhost rsyslogd[706]: action 'action-0-builtin:omfile' resumed (module 'builtin:omfile') [v8.39.0 try http://www.rsyslog.com/e/2359 ]
Apr 16 13:31:37 localhost rsyslogd[706]: action 'action-0-builtin:omfile' suspended (module 'builtin:omfile'), retry 0. There should be messages before this one giving the reason for suspension. [v8.39.0 try http://www.rsyslog.com/e/2007 ]
Apr 16 13:31:37 localhost rsyslogd[706]: action 'action-0-builtin:omfile' resumed (module 'builtin:omfile') [v8.39.0 try http://www.rsyslog.com/e/2359 ]
Apr 16 13:31:37 localhost rsyslogd[706]: action 'action-0-builtin:omfile' suspended (module 'builtin:omfile'), retry 0. There should be messages before this one giving the reason for suspension. [v8.39.0 try http://www.rsyslog.com/e/2007 ]
Apr 16 13:31:37 localhost rsyslogd[706]: action 'action-0-builtin:omfile' resumed (module 'builtin:omfile') [v8.39.0 try http://www.rsyslog.com/e/2359 ]
Apr 16 13:31:37 localhost rsyslogd[706]: action 'action-0-builtin:omfile' suspended (module 'builtin:omfile'), retry 0. There should be messages before this one giving the reason for suspension. [v8.39.0 try http://www.rsyslog.com/e/2007 ]
Apr 16 13:31:37 localhost rsyslogd[706]: action 'action-0-builtin:omfile' resumed (module 'builtin:omfile') [v8.39.0 try http://www.rsyslog.com/e/2359 ]
Apr 16 13:31:37 localhost rsyslogd[706]: action 'action-0-builtin:omfile' suspended (module 'builtin:omfile'), retry 0. There should be messages before this one giving the reason for suspension. [v8.39.0 try http://www.rsyslog.com/e/2007 ]
Apr 16 13:31:37 localhost rsyslogd[706]: action 'action-0-builtin:omfile' resumed (module 'builtin:omfile') [v8.39.0 try http://www.rsyslog.com/e/2359 ]
Apr 16 13:31:37 localhost rsyslogd[706]: action 'action-0-builtin:omfile' suspended (module 'builtin:omfile'), retry 0. There should be messages before this one giving the reason for suspension. [v8.39.0 try http://www.rsyslog.com/e/2007 ]
Apr 16 13:31:37 localhost rsyslogd[706]: action 'action-0-builtin:omfile' suspended (module 'builtin:omfile'), next retry is Tue Apr 16 13:32:07 2019, retry nbr 0. There should be messages before this one giving the reason for suspension. [v8.39.0 try http://www.rsyslog.com/e/2007 ]
Apr 16 13:31:37 localhost systemd[1]: Stopped target Graphical Interface.
Apr 16 13:31:37 localhost journal[693]: udisks daemon version 2.8.1 exiting
Apr 16 13:31:37 localhost systemd[1]: Stopping Disk Manager...
Apr 16 13:31:37 localhost systemd[1]: Stopped target Network is Online.
Apr 16 13:31:37 localhost systemd[1]: Stopping SSSD Kerberos Cache Manager...
Apr 16 13:31:37 localhost systemd[1]: Stopped target Multi-User System.
Apr 16 13:31:37 localhost systemd[1]: Stopping System Logging Service...
Apr 16 13:31:37 localhost systemd[1]: Stopping Service for virtual machines hosted on VMware...
Apr 16 13:31:37 localhost avahi-daemon[705]: Got SIGTERM, quitting.
Apr 16 13:31:37 localhost avahi-daemon[705]: Leaving mDNS multicast group on interface ens33.IPv6 with address fe80::970e:db1b:9ef4:b269.
Apr 16 13:31:37 localhost avahi-daemon[705]: Leaving mDNS multicast group on interface ens33.IPv4 with address 192.168.140.134.
Apr 16 13:31:37 localhost rsyslogd[706]: [origin software="rsyslogd" swVersion="8.39.0" x-pid="706" x-info="http://www.rsyslog.com"] exiting on signal 15.
Apr 16 13:31:37 localhost systemd[1]: Stopping Avahi mDNS/DNS-SD Stack...
Apr 16 13:31:37 localhost chronyd[729]: chronyd exiting
Apr 16 13:31:37 localhost systemd[1]: Stopping NTP client/server...
Apr 16 13:31:37 localhost systemd[1]: Stopping Deferred execution scheduler...
Apr 16 13:31:37 localhost systemd[1]: Stopping ABRT Xorg log watcher...
Apr 16 13:31:37 localhost systemd[1]: Stopping Hardware RNG Entropy Gatherer Daemon...
Apr 16 13:31:37 localhost systemd[1]: Stopped target Login Prompts.
Apr 16 13:31:37 localhost ModemManager[697]: <info>  Caught signal, shutting down...
Apr 16 13:31:37 localhost NetworkManager[810]: <info>  [1555446697.5578] modem-manager: ModemManager no longer available
Apr 16 13:31:37 localhost ModemManager[697]: <info>  ModemManager is shut down
Apr 16 13:31:37 localhost systemd[1]: Stopping Modem Manager...
Apr 16 13:31:37 localhost systemd[1]: Removed slice system-getty.slice.
Apr 16 13:31:37 localhost systemd[1]: Stopped target rpc_pipefs.target.
Apr 16 13:31:37 localhost systemd[1]: Stopping Session 2 of user hunterpeirce.
Apr 16 13:31:37 localhost systemd[1]: Stopping Manage, Install and Generate Color Profiles...
Apr 16 13:31:37 localhost systemd[1]: Stopping Machine Check Exception Logging Daemon...
Apr 16 13:31:37 localhost systemd[1]: Stopping Restore /run/initramfs on shutdown...
Apr 16 13:31:37 localhost systemd[1]: Stopping Command Scheduler...
Apr 16 13:31:37 localhost systemd[1]: Unmounting RPC Pipe File System...
Apr 16 13:31:37 localhost systemd[1]: Stopping CUPS Scheduler...
Apr 16 13:31:37 localhost systemd[1]: Stopped target Sound Card.
Apr 16 13:31:37 localhost systemd[1]: Stopping Manage Sound Card State (restore and store)...
Apr 16 13:31:37 localhost systemd[1]: Stopping Virtualization daemon...
Apr 16 13:31:37 localhost systemd[1]: Stopping Creates ABRT problems from coredumpctl messages...
Apr 16 13:31:37 localhost systemd[1]: Stopped Network Manager Wait Online.
Apr 16 13:31:37 localhost audit[1]: SERVICE_START pid=1 uid=0 auid=4294967295 ses=4294967295 subj=system_u:system_r:init_t:s0 msg='unit=NetworkManager-wait-online comm="systemd" exe="/usr/lib/systemd/systemd" hostname=? addr=? terminal=? res=success'
Apr 16 13:31:37 localhost audit[1]: SERVICE_STOP pid=1 uid=0 auid=4294967295 ses=4294967295 subj=system_u:system_r:init_t:s0 msg='unit=NetworkManager-wait-online comm="systemd" exe="/usr/lib/systemd/systemd" hostname=? addr=? terminal=? res=success'
Apr 16 13:31:37 localhost systemd[1]: user-runtime-dir@1000.service: Unit not needed anymore. Stopping.
Apr 16 13:31:37 localhost systemd[1]: Stopping User Manager for UID 1000...
Apr 16 13:31:37 localhost systemd[1]: Stopping Daemon for power management...
Apr 16 13:31:37 localhost systemd[1]: Stopping Thunderbolt system service...
Apr 16 13:31:37 localhost systemd[1]: Stopping Accounts Service...
Apr 16 13:31:37 localhost systemd[1]: Stopped target Bluetooth.
Apr 16 13:31:37 localhost systemd[1]: Stopping Bluetooth service...
Apr 16 13:31:37 localhost systemd[1]: Stopped target Timers.
Apr 16 13:31:37 localhost systemd[1]: Stopped dnf makecache --timer.
Apr 16 13:31:37 localhost systemd[1]: Stopped Updates mlocate database every day.
Apr 16 13:31:37 localhost systemd[1]: Stopped Daily Cleanup of Temporary Directories.
Apr 16 13:31:37 localhost systemd[1]: Stopped daily update of the root trust anchor for DNSSEC.
Apr 16 13:31:37 localhost systemd[1]: Closed LVM2 poll daemon socket.
Apr 16 13:31:37 localhost systemd[1]: Stopping SYSV: Late init script for live image....
Apr 16 13:31:37 localhost systemd[1]: Closed Load/Save RF Kill Switch Status /dev/rfkill Watch.
Apr 16 13:31:37 localhost systemd[1]: Stopping GNOME Display Manager...
Apr 16 13:31:37 localhost systemd[1]: Stopping LVM2 PV scan on device 8:2...
Apr 16 13:31:37 localhost systemd[1]: Stopping RealtimeKit Scheduling Policy Service...
Apr 16 13:31:37 localhost systemd[1]: Removed slice system-systemd\x2dhibernate\x2dresume.slice.
Apr 16 13:31:37 localhost systemd[1]: Stopping ABRT kernel log watcher...
Apr 16 13:31:37 localhost avahi-daemon[705]: avahi-daemon 0.7 exiting.
Apr 16 13:31:37 localhost systemd[1]: Stopped RealtimeKit Scheduling Policy Service.
Apr 16 13:31:37 localhost audit[1]: SERVICE_START pid=1 uid=0 auid=4294967295 ses=4294967295 subj=system_u:system_r:init_t:s0 msg='unit=rtkit-daemon comm="systemd" exe="/usr/lib/systemd/systemd" hostname=? addr=? terminal=? res=success'
Apr 16 13:31:37 localhost audit[1]: SERVICE_STOP pid=1 uid=0 auid=4294967295 ses=4294967295 subj=system_u:system_r:init_t:s0 msg='unit=rtkit-daemon comm="systemd" exe="/usr/lib/systemd/systemd" hostname=? addr=? terminal=? res=success'
Apr 16 13:31:37 localhost systemd[1]: Stopped Disk Manager.
Apr 16 13:31:37 localhost audit[1]: SERVICE_START pid=1 uid=0 auid=4294967295 ses=4294967295 subj=system_u:system_r:init_t:s0 msg='unit=udisks2 comm="systemd" exe="/usr/lib/systemd/systemd" hostname=? addr=? terminal=? res=success'
Apr 16 13:31:37 localhost audit[1]: SERVICE_STOP pid=1 uid=0 auid=4294967295 ses=4294967295 subj=system_u:system_r:init_t:s0 msg='unit=udisks2 comm="systemd" exe="/usr/lib/systemd/systemd" hostname=? addr=? terminal=? res=success'
Apr 16 13:31:37 localhost systemd[1]: Stopped Modem Manager.
Apr 16 13:31:37 localhost audit[1]: SERVICE_START pid=1 uid=0 auid=4294967295 ses=4294967295 subj=system_u:system_r:init_t:s0 msg='unit=ModemManager comm="systemd" exe="/usr/lib/systemd/systemd" hostname=? addr=? terminal=? res=success'
Apr 16 13:31:37 localhost audit[1]: SERVICE_STOP pid=1 uid=0 auid=4294967295 ses=4294967295 subj=system_u:system_r:init_t:s0 msg='unit=ModemManager comm="systemd" exe="/usr/lib/systemd/systemd" hostname=? addr=? terminal=? res=success'
Apr 16 13:31:37 localhost systemd[1]: Stopped Avahi mDNS/DNS-SD Stack.
Apr 16 13:31:37 localhost audit[1]: SERVICE_START pid=1 uid=0 auid=4294967295 ses=4294967295 subj=system_u:system_r:init_t:s0 msg='unit=avahi-daemon comm="systemd" exe="/usr/lib/systemd/systemd" hostname=? addr=? terminal=? res=success'
Apr 16 13:31:37 localhost audit[1]: SERVICE_STOP pid=1 uid=0 auid=4294967295 ses=4294967295 subj=system_u:system_r:init_t:s0 msg='unit=avahi-daemon comm="systemd" exe="/usr/lib/systemd/systemd" hostname=? addr=? terminal=? res=success'
Apr 16 13:31:37 localhost systemd[1]: Stopped System Logging Service.
Apr 16 13:31:37 localhost audit[1]: SERVICE_START pid=1 uid=0 auid=4294967295 ses=4294967295 subj=system_u:system_r:init_t:s0 msg='unit=rsyslog comm="systemd" exe="/usr/lib/systemd/systemd" hostname=? addr=? terminal=? res=success'
Apr 16 13:31:37 localhost audit[1]: SERVICE_STOP pid=1 uid=0 auid=4294967295 ses=4294967295 subj=system_u:system_r:init_t:s0 msg='unit=rsyslog comm="systemd" exe="/usr/lib/systemd/systemd" hostname=? addr=? terminal=? res=success'
Apr 16 13:31:37 localhost alsactl[707]: alsactl daemon stopped
Apr 16 13:31:37 localhost systemd[1]: Stopped Hardware RNG Entropy Gatherer Daemon.
Apr 16 13:31:37 localhost audit[1]: SERVICE_START pid=1 uid=0 auid=4294967295 ses=4294967295 subj=system_u:system_r:init_t:s0 msg='unit=rngd comm="systemd" exe="/usr/lib/systemd/systemd" hostname=? addr=? terminal=? res=success'
Apr 16 13:31:37 localhost audit[1]: SERVICE_STOP pid=1 uid=0 auid=4294967295 ses=4294967295 subj=system_u:system_r:init_t:s0 msg='unit=rngd comm="systemd" exe="/usr/lib/systemd/systemd" hostname=? addr=? terminal=? res=success'
Apr 16 13:31:37 localhost systemd[1]: Stopped Machine Check Exception Logging Daemon.
Apr 16 13:31:37 localhost audit[1]: SERVICE_START pid=1 uid=0 auid=4294967295 ses=4294967295 subj=system_u:system_r:init_t:s0 msg='unit=mcelog comm="systemd" exe="/usr/lib/systemd/systemd" hostname=? addr=? terminal=? res=success'
Apr 16 13:31:37 localhost audit[1]: SERVICE_STOP pid=1 uid=0 auid=4294967295 ses=4294967295 subj=system_u:system_r:init_t:s0 msg='unit=mcelog comm="systemd" exe="/usr/lib/systemd/systemd" hostname=? addr=? terminal=? res=success'
Apr 16 13:31:37 localhost systemd[1]: Stopped NTP client/server.
Apr 16 13:31:37 localhost audit[1]: SERVICE_START pid=1 uid=0 auid=4294967295 ses=4294967295 subj=system_u:system_r:init_t:s0 msg='unit=chronyd comm="systemd" exe="/usr/lib/systemd/systemd" hostname=? addr=? terminal=? res=success'
Apr 16 13:31:37 localhost audit[1]: SERVICE_STOP pid=1 uid=0 auid=4294967295 ses=4294967295 subj=system_u:system_r:init_t:s0 msg='unit=chronyd comm="systemd" exe="/usr/lib/systemd/systemd" hostname=? addr=? terminal=? res=success'
Apr 16 13:31:37 localhost systemd[1]: Stopped ABRT Xorg log watcher.
Apr 16 13:31:37 localhost audit[1]: SERVICE_START pid=1 uid=0 auid=4294967295 ses=4294967295 subj=system_u:system_r:init_t:s0 msg='unit=abrt-xorg comm="systemd" exe="/usr/lib/systemd/systemd" hostname=? addr=? terminal=? res=success'
Apr 16 13:31:37 localhost audit[1]: SERVICE_STOP pid=1 uid=0 auid=4294967295 ses=4294967295 subj=system_u:system_r:init_t:s0 msg='unit=abrt-xorg comm="systemd" exe="/usr/lib/systemd/systemd" hostname=? addr=? terminal=? res=success'
Apr 16 13:31:37 localhost systemd[1]: Stopped Command Scheduler.
Apr 16 13:31:37 localhost audit[1]: SERVICE_START pid=1 uid=0 auid=4294967295 ses=4294967295 subj=system_u:system_r:init_t:s0 msg='unit=crond comm="systemd" exe="/usr/lib/systemd/systemd" hostname=? addr=? terminal=? res=success'
Apr 16 13:31:37 localhost audit[1]: SERVICE_STOP pid=1 uid=0 auid=4294967295 ses=4294967295 subj=system_u:system_r:init_t:s0 msg='unit=crond comm="systemd" exe="/usr/lib/systemd/systemd" hostname=? addr=? terminal=? res=success'
Apr 16 13:31:37 localhost systemd[1]: Stopped Deferred execution scheduler.
Apr 16 13:31:37 localhost audit[1]: SERVICE_START pid=1 uid=0 auid=4294967295 ses=4294967295 subj=system_u:system_r:init_t:s0 msg='unit=atd comm="systemd" exe="/usr/lib/systemd/systemd" hostname=? addr=? terminal=? res=success'
Apr 16 13:31:37 localhost audit[1]: SERVICE_STOP pid=1 uid=0 auid=4294967295 ses=4294967295 subj=system_u:system_r:init_t:s0 msg='unit=atd comm="systemd" exe="/usr/lib/systemd/systemd" hostname=? addr=? terminal=? res=success'
Apr 16 13:31:37 localhost systemd[1]: Stopped Daemon for power management.
Apr 16 13:31:37 localhost audit[1]: SERVICE_START pid=1 uid=0 auid=4294967295 ses=4294967295 subj=system_u:system_r:init_t:s0 msg='unit=upower comm="systemd" exe="/usr/lib/systemd/systemd" hostname=? addr=? terminal=? res=success'
Apr 16 13:31:37 localhost audit[1]: SERVICE_STOP pid=1 uid=0 auid=4294967295 ses=4294967295 subj=system_u:system_r:init_t:s0 msg='unit=upower comm="systemd" exe="/usr/lib/systemd/systemd" hostname=? addr=? terminal=? res=success'
Apr 16 13:31:37 localhost systemd[1]: Stopped Manage, Install and Generate Color Profiles.
Apr 16 13:31:37 localhost audit[1]: SERVICE_START pid=1 uid=0 auid=4294967295 ses=4294967295 subj=system_u:system_r:init_t:s0 msg='unit=colord comm="systemd" exe="/usr/lib/systemd/systemd" hostname=? addr=? terminal=? res=success'
Apr 16 13:31:37 localhost audit[1]: SERVICE_STOP pid=1 uid=0 auid=4294967295 ses=4294967295 subj=system_u:system_r:init_t:s0 msg='unit=colord comm="systemd" exe="/usr/lib/systemd/systemd" hostname=? addr=? terminal=? res=success'
Apr 16 13:31:37 localhost systemd[1]: Stopped Thunderbolt system service.
Apr 16 13:31:37 localhost audit[1]: SERVICE_START pid=1 uid=0 auid=4294967295 ses=4294967295 subj=system_u:system_r:init_t:s0 msg='unit=bolt comm="systemd" exe="/usr/lib/systemd/systemd" hostname=? addr=? terminal=? res=success'
Apr 16 13:31:37 localhost audit[1]: SERVICE_STOP pid=1 uid=0 auid=4294967295 ses=4294967295 subj=system_u:system_r:init_t:s0 msg='unit=bolt comm="systemd" exe="/usr/lib/systemd/systemd" hostname=? addr=? terminal=? res=success'
Apr 16 13:31:37 localhost systemd[1]: Unmounted RPC Pipe File System.
Apr 16 13:31:37 localhost systemd[1]: Stopped Manage Sound Card State (restore and store).
Apr 16 13:31:37 localhost audit[1]: SERVICE_START pid=1 uid=0 auid=4294967295 ses=4294967295 subj=system_u:system_r:init_t:s0 msg='unit=alsa-state comm="systemd" exe="/usr/lib/systemd/systemd" hostname=? addr=? terminal=? res=success'
Apr 16 13:31:37 localhost audit[1]: SERVICE_STOP pid=1 uid=0 auid=4294967295 ses=4294967295 subj=system_u:system_r:init_t:s0 msg='unit=alsa-state comm="systemd" exe="/usr/lib/systemd/systemd" hostname=? addr=? terminal=? res=success'
Apr 16 13:31:37 localhost systemd-logind[774]: Session 2 logged out. Waiting for processes to exit.
Apr 16 13:31:37 localhost bluetoothd[703]: Terminating
Apr 16 13:31:38 localhost audit[1]: SERVICE_START pid=1 uid=0 auid=4294967295 ses=4294967295 subj=system_u:system_r:init_t:s0 msg='unit=bluetooth comm="systemd" exe="/usr/lib/systemd/systemd" hostname=? addr=? terminal=? res=success'
Apr 16 13:31:38 localhost audit[1]: SERVICE_STOP pid=1 uid=0 auid=4294967295 ses=4294967295 subj=system_u:system_r:init_t:s0 msg='unit=bluetooth comm="systemd" exe="/usr/lib/systemd/systemd" hostname=? addr=? terminal=? res=success'
Apr 16 13:31:38 localhost audit[1]: SERVICE_START pid=1 uid=0 auid=4294967295 ses=4294967295 subj=system_u:system_r:init_t:s0 msg='unit=accounts-daemon comm="systemd" exe="/usr/lib/systemd/systemd" hostname=? addr=? terminal=? res=success'
Apr 16 13:31:38 localhost audit[1]: SERVICE_STOP pid=1 uid=0 auid=4294967295 ses=4294967295 subj=system_u:system_r:init_t:s0 msg='unit=accounts-daemon comm="systemd" exe="/usr/lib/systemd/systemd" hostname=? addr=? terminal=? res=success'
Apr 16 13:31:38 localhost audit[1]: SERVICE_START pid=1 uid=0 auid=4294967295 ses=4294967295 subj=system_u:system_r:init_t:s0 msg='unit=abrt-oops comm="systemd" exe="/usr/lib/systemd/systemd" hostname=? addr=? terminal=? res=success'
Apr 16 13:31:38 localhost audit[1]: SERVICE_STOP pid=1 uid=0 auid=4294967295 ses=4294967295 subj=system_u:system_r:init_t:s0 msg='unit=abrt-oops comm="systemd" exe="/usr/lib/systemd/systemd" hostname=? addr=? terminal=? res=success'
Apr 16 13:31:38 localhost audit[1]: SERVICE_START pid=1 uid=0 auid=4294967295 ses=4294967295 subj=system_u:system_r:init_t:s0 msg='unit=abrt-journal-core comm="systemd" exe="/usr/lib/systemd/systemd" hostname=? addr=? terminal=? res=success'
Apr 16 13:31:38 localhost audit[1]: SERVICE_STOP pid=1 uid=0 auid=4294967295 ses=4294967295 subj=system_u:system_r:init_t:s0 msg='unit=abrt-journal-core comm="systemd" exe="/usr/lib/systemd/systemd" hostname=? addr=? terminal=? res=success'
Apr 16 13:31:38 localhost pulseaudio[1367]: W: [pulseaudio] module.c: After module unload, module 'module-null-sink' was still loaded!
Apr 16 13:31:38 localhost bluetoothd[703]: Endpoint unregistered: sender=:1.191 path=/MediaEndpoint/A2DPSource
Apr 16 13:31:38 localhost abrt-dump-journal-core[781]: Cannot save journal watch's position
Apr 16 13:31:38 localhost NetworkManager[810]: <info>  [1555446697.7302] bluez5: NAP: removed interface 98:3B:8F:EA:F8:02
Apr 16 13:31:38 localhost bluetoothd[703]: Endpoint unregistered: sender=:1.191 path=/MediaEndpoint/A2DPSink
Apr 16 13:31:38 localhost systemd[1]: Stopped Bluetooth service.
Apr 16 13:31:38 localhost bluetoothd[703]: Stopping SDP server
Apr 16 13:31:38 localhost systemd[1]: Stopped Accounts Service.
Apr 16 13:31:38 localhost bluetoothd[703]: Exit
Apr 16 13:31:38 localhost systemd[1]: Stopped ABRT kernel log watcher.
Apr 16 13:31:38 localhost systemd[1]: Stopped Creates ABRT problems from coredumpctl messages.
Apr 16 13:31:38 localhost systemd[1351]: Stopped Sound Service.
Apr 16 13:31:38 localhost systemd[1351]: Stopped Virtual filesystem metadata service.
Apr 16 13:31:38 localhost systemd[1351]: Stopping D-Bus User Message Bus...
Apr 16 13:31:38 localhost dbus-daemon[694]: [system] Activating via systemd: service name='org.freedesktop.Accounts' unit='accounts-daemon.service' requested by ':1.23' (uid=0 pid=860 comm="/usr/sbin/gdm " label="system_u:system_r:xdm_t:s0-s0:c0.c1023")
Apr 16 13:31:38 localhost systemd[1351]: Stopped target Default.
Apr 16 13:31:38 localhost systemd[1351]: Stopped D-Bus User Message Bus.
Apr 16 13:31:38 localhost systemd[1351]: Stopped Evolution calendar service.
Apr 16 13:31:38 localhost systemd[1351]: Stopped Evolution source registry.
Apr 16 13:31:38 localhost systemd[1351]: Stopped Evolution address book service.
Apr 16 13:31:38 localhost sssd[kcm][1605]: Shutting down
Apr 16 13:31:38 localhost systemd[1]: Stopped Service for virtual machines hosted on VMware.
Apr 16 13:31:38 localhost audit[1]: SERVICE_START pid=1 uid=0 auid=4294967295 ses=4294967295 subj=system_u:system_r:init_t:s0 msg='unit=vmtoolsd comm="systemd" exe="/usr/lib/systemd/systemd" hostname=? addr=? terminal=? res=success'
Apr 16 13:31:38 localhost audit[1]: SERVICE_STOP pid=1 uid=0 auid=4294967295 ses=4294967295 subj=system_u:system_r:init_t:s0 msg='unit=vmtoolsd comm="systemd" exe="/usr/lib/systemd/systemd" hostname=? addr=? terminal=? res=success'
Apr 16 13:31:38 localhost systemd[1]: Stopped Virtualization daemon.
Apr 16 13:31:38 localhost audit[1]: SERVICE_START pid=1 uid=0 auid=4294967295 ses=4294967295 subj=system_u:system_r:init_t:s0 msg='unit=libvirtd comm="systemd" exe="/usr/lib/systemd/systemd" hostname=? addr=? terminal=? res=success'
Apr 16 13:31:38 localhost audit[1]: SERVICE_STOP pid=1 uid=0 auid=4294967295 ses=4294967295 subj=system_u:system_r:init_t:s0 msg='unit=libvirtd comm="systemd" exe="/usr/lib/systemd/systemd" hostname=? addr=? terminal=? res=success'
Apr 16 13:31:38 localhost systemd[1]: Stopped SYSV: Late init script for live image..
Apr 16 13:31:38 localhost audit[1]: SERVICE_START pid=1 uid=0 auid=4294967295 ses=4294967295 subj=system_u:system_r:init_t:s0 msg='unit=livesys-late comm="systemd" exe="/usr/lib/systemd/systemd" hostname=? addr=? terminal=? res=success'
Apr 16 13:31:38 localhost audit[1]: SERVICE_STOP pid=1 uid=0 auid=4294967295 ses=4294967295 subj=system_u:system_r:init_t:s0 msg='unit=livesys-late comm="systemd" exe="/usr/lib/systemd/systemd" hostname=? addr=? terminal=? res=success'
Apr 16 13:31:38 localhost systemd[1]: Stopped Session 2 of user hunterpeirce.
Apr 16 13:31:38 localhost dbus-daemon[694]: [system] Activation via systemd failed for unit 'accounts-daemon.service': Refusing activation, D-Bus is shutting down.
Apr 16 13:31:38 localhost gdm[860]: Failed to contact accountsservice: Error calling StartServiceByName for org.freedesktop.Accounts: GDBus.Error:org.freedesktop.systemd1.ShuttingDown: Refusing activation, D-Bus is shutting down.
Apr 16 13:31:38 localhost systemd[1]: Stopped SSSD Kerberos Cache Manager.
Apr 16 13:31:38 localhost audit[1]: SERVICE_START pid=1 uid=0 auid=4294967295 ses=4294967295 subj=system_u:system_r:init_t:s0 msg='unit=sssd-kcm comm="systemd" exe="/usr/lib/systemd/systemd" hostname=? addr=? terminal=? res=success'
Apr 16 13:31:38 localhost audit[1]: SERVICE_STOP pid=1 uid=0 auid=4294967295 ses=4294967295 subj=system_u:system_r:init_t:s0 msg='unit=sssd-kcm comm="systemd" exe="/usr/lib/systemd/systemd" hostname=? addr=? terminal=? res=success'
Apr 16 13:31:38 localhost systemd-logind[774]: Removed session 2.
Apr 16 13:31:38 localhost systemd[1]: Stopping Virtual Machine and Container Registration Service...
Apr 16 13:31:38 localhost systemd[1]: Stopping Login Service...
Apr 16 13:31:38 localhost systemd[1]: Stopping VGAuth Service for open-vm-tools...
Apr 16 13:31:38 localhost systemd[1]: Stopping ABRT Automated Bug Reporting Tool...
Apr 16 13:31:38 localhost systemd[1]: Stopped Virtual Machine and Container Registration Service.
Apr 16 13:31:38 localhost audit[1]: SERVICE_START pid=1 uid=0 auid=4294967295 ses=4294967295 subj=system_u:system_r:init_t:s0 msg='unit=systemd-machined comm="systemd" exe="/usr/lib/systemd/systemd" hostname=? addr=? terminal=? res=success'
Apr 16 13:31:38 localhost audit[1]: SERVICE_STOP pid=1 uid=0 auid=4294967295 ses=4294967295 subj=system_u:system_r:init_t:s0 msg='unit=systemd-machined comm="systemd" exe="/usr/lib/systemd/systemd" hostname=? addr=? terminal=? res=success'
Apr 16 13:31:38 localhost systemd[1]: Stopped VGAuth Service for open-vm-tools.
Apr 16 13:31:38 localhost audit[1]: SERVICE_START pid=1 uid=0 auid=4294967295 ses=4294967295 subj=system_u:system_r:init_t:s0 msg='unit=vgauthd comm="systemd" exe="/usr/lib/systemd/systemd" hostname=? addr=? terminal=? res=success'
Apr 16 13:31:38 localhost audit[1]: SERVICE_STOP pid=1 uid=0 auid=4294967295 ses=4294967295 subj=system_u:system_r:init_t:s0 msg='unit=vgauthd comm="systemd" exe="/usr/lib/systemd/systemd" hostname=? addr=? terminal=? res=success'
Apr 16 13:31:38 localhost systemd[1]: Stopped ABRT Automated Bug Reporting Tool.
Apr 16 13:31:38 localhost audit[1]: SERVICE_START pid=1 uid=0 auid=4294967295 ses=4294967295 subj=system_u:system_r:init_t:s0 msg='unit=abrtd comm="systemd" exe="/usr/lib/systemd/systemd" hostname=? addr=? terminal=? res=success'
Apr 16 13:31:38 localhost audit[1]: SERVICE_STOP pid=1 uid=0 auid=4294967295 ses=4294967295 subj=system_u:system_r:init_t:s0 msg='unit=abrtd comm="systemd" exe="/usr/lib/systemd/systemd" hostname=? addr=? terminal=? res=success'
Apr 16 13:31:38 localhost gdm[860]: Freeing conversation 'gdm-password' with active job
Apr 16 13:31:38 localhost systemd[1]: Stopped Login Service.
Apr 16 13:31:38 localhost audit[1]: SERVICE_START pid=1 uid=0 auid=4294967295 ses=4294967295 subj=system_u:system_r:init_t:s0 msg='unit=systemd-logind comm="systemd" exe="/usr/lib/systemd/systemd" hostname=? addr=? terminal=? res=success'
Apr 16 13:31:38 localhost audit[1]: SERVICE_STOP pid=1 uid=0 auid=4294967295 ses=4294967295 subj=system_u:system_r:init_t:s0 msg='unit=systemd-logind comm="systemd" exe="/usr/lib/systemd/systemd" hostname=? addr=? terminal=? res=success'
Apr 16 13:31:38 localhost systemd[1]: Stopped LVM2 PV scan on device 8:2.
Apr 16 13:31:38 localhost audit[1]: SERVICE_START pid=1 uid=0 auid=4294967295 ses=4294967295 subj=system_u:system_r:init_t:s0 msg='unit=lvm2-pvscan@8:2 comm="systemd" exe="/usr/lib/systemd/systemd" hostname=? addr=? terminal=? res=success'
Apr 16 13:31:38 localhost audit[1]: SERVICE_STOP pid=1 uid=0 auid=4294967295 ses=4294967295 subj=system_u:system_r:init_t:s0 msg='unit=lvm2-pvscan@8:2 comm="systemd" exe="/usr/lib/systemd/systemd" hostname=? addr=? terminal=? res=success'
Apr 16 13:31:38 localhost systemd[1]: Removed slice system-lvm2\x2dpvscan.slice.
Apr 16 13:31:38 localhost systemd[1]: Stopped CUPS Scheduler.
Apr 16 13:31:38 localhost audit[1]: SERVICE_START pid=1 uid=0 auid=4294967295 ses=4294967295 subj=system_u:system_r:init_t:s0 msg='unit=cups comm="systemd" exe="/usr/lib/systemd/systemd" hostname=? addr=? terminal=? res=success'
Apr 16 13:31:38 localhost audit[1]: SERVICE_STOP pid=1 uid=0 auid=4294967295 ses=4294967295 subj=system_u:system_r:init_t:s0 msg='unit=cups comm="systemd" exe="/usr/lib/systemd/systemd" hostname=? addr=? terminal=? res=success'
Apr 16 13:31:38 localhost tracker-store[1860]: Received signal:15->'Terminated'
Apr 16 13:31:38 localhost tracker-store[1860]: OK
Apr 16 13:31:38 localhost audit[1]: SERVICE_START pid=1 uid=0 auid=4294967295 ses=4294967295 subj=system_u:system_r:init_t:s0 msg='unit=gdm comm="systemd" exe="/usr/lib/systemd/systemd" hostname=? addr=? terminal=? res=success'
Apr 16 13:31:38 localhost audit[1]: SERVICE_STOP pid=1 uid=0 auid=4294967295 ses=4294967295 subj=system_u:system_r:init_t:s0 msg='unit=gdm comm="systemd" exe="/usr/lib/systemd/systemd" hostname=? addr=? terminal=? res=success'
Apr 16 13:31:38 localhost systemd[1]: Stopped GNOME Display Manager.
Apr 16 13:31:38 localhost systemd[1351]: Stopped Tracker metadata database store and lookup manager.
Apr 16 13:31:38 localhost systemd[1351]: Stopped target Basic System.
Apr 16 13:31:38 localhost systemd[1351]: Stopped target Sockets.
Apr 16 13:31:38 localhost systemd[1351]: Closed Sound System.
Apr 16 13:31:38 localhost systemd[1351]: Stopped target Paths.
Apr 16 13:31:38 localhost systemd[1351]: Stopped target Timers.
Apr 16 13:31:38 localhost systemd[1351]: Stopped Mark boot as successful after the user session has run 2 minutes.
Apr 16 13:31:38 localhost systemd[1351]: Closed D-Bus User Message Bus Socket.
Apr 16 13:31:38 localhost systemd[1351]: Reached target Shutdown.
Apr 16 13:31:38 localhost systemd[1351]: Starting Exit the Session...
Apr 16 13:31:38 localhost systemd[1]: Starting Show Plymouth Reboot Screen...
Apr 16 13:31:38 localhost systemd[1]: Stopping LSB: Init script for live image....
Apr 16 13:31:38 localhost systemd[1]: Stopping Firmware update daemon...
Apr 16 13:31:38 localhost systemd[1]: Stopped Firmware update daemon.
Apr 16 13:31:38 localhost audit[1]: SERVICE_START pid=1 uid=0 auid=4294967295 ses=4294967295 subj=system_u:system_r:init_t:s0 msg='unit=fwupd comm="systemd" exe="/usr/lib/systemd/systemd" hostname=? addr=? terminal=? res=success'
Apr 16 13:31:38 localhost audit[1]: SERVICE_STOP pid=1 uid=0 auid=4294967295 ses=4294967295 subj=system_u:system_r:init_t:s0 msg='unit=fwupd comm="systemd" exe="/usr/lib/systemd/systemd" hostname=? addr=? terminal=? res=success'
Apr 16 13:31:38 localhost systemd[1]: Received SIGRTMIN+20 from PID 2901 (plymouthd).
Apr 16 13:31:38 localhost audit[1]: SERVICE_START pid=1 uid=0 auid=4294967295 ses=4294967295 subj=system_u:system_r:init_t:s0 msg='unit=livesys comm="systemd" exe="/usr/lib/systemd/systemd" hostname=? addr=? terminal=? res=success'
Apr 16 13:31:38 localhost audit[1]: SERVICE_STOP pid=1 uid=0 auid=4294967295 ses=4294967295 subj=system_u:system_r:init_t:s0 msg='unit=livesys comm="systemd" exe="/usr/lib/systemd/systemd" hostname=? addr=? terminal=? res=success'
Apr 16 13:31:38 localhost systemd[1]: Stopped LSB: Init script for live image..
Apr 16 13:31:38 localhost systemd[1]: Started Show Plymouth Reboot Screen.
Apr 16 13:31:38 localhost audit[1]: SERVICE_START pid=1 uid=0 auid=4294967295 ses=4294967295 subj=system_u:system_r:init_t:s0 msg='unit=plymouth-reboot comm="systemd" exe="/usr/lib/systemd/systemd" hostname=? addr=? terminal=? res=success'
Apr 16 13:31:38 localhost systemd[1]: user-runtime-dir@1000.service: Unit not needed anymore. Stopping.
Apr 16 13:31:38 localhost audit[1]: SERVICE_START pid=1 uid=0 auid=4294967295 ses=4294967295 subj=system_u:system_r:init_t:s0 msg='unit=user@1000 comm="systemd" exe="/usr/lib/systemd/systemd" hostname=? addr=? terminal=? res=success'
Apr 16 13:31:38 localhost audit[1]: SERVICE_STOP pid=1 uid=0 auid=4294967295 ses=4294967295 subj=system_u:system_r:init_t:s0 msg='unit=user@1000 comm="systemd" exe="/usr/lib/systemd/systemd" hostname=? addr=? terminal=? res=success'
Apr 16 13:31:38 localhost systemd[1]: Stopped User Manager for UID 1000.
Apr 16 13:31:38 localhost systemd[1]: user-runtime-dir@1000.service: Unit not needed anymore. Stopping.
Apr 16 13:31:38 localhost systemd[1]: Removed slice User Slice of UID 1000.
Apr 16 13:31:38 localhost systemd[1]: Stopping Permit User Sessions...
Apr 16 13:31:38 localhost systemd[1]: Stopping /run/user/1000 mount wrapper...
Apr 16 13:31:38 localhost systemd[1]: Unmounted /run/user/1000.
Apr 16 13:31:38 localhost systemd[1]: Stopped /run/user/1000 mount wrapper.
Apr 16 13:31:38 localhost audit[1]: SERVICE_START pid=1 uid=0 auid=4294967295 ses=4294967295 subj=system_u:system_r:init_t:s0 msg='unit=user-runtime-dir@1000 comm="systemd" exe="/usr/lib/systemd/systemd" hostname=? addr=? terminal=? res=success'
Apr 16 13:31:38 localhost audit[1]: SERVICE_STOP pid=1 uid=0 auid=4294967295 ses=4294967295 subj=system_u:system_r:init_t:s0 msg='unit=user-runtime-dir@1000 comm="systemd" exe="/usr/lib/systemd/systemd" hostname=? addr=? terminal=? res=success'
Apr 16 13:31:38 localhost systemd[1]: Removed slice system-user\x2druntime\x2ddir.slice.
Apr 16 13:31:38 localhost systemd[1]: Stopped Permit User Sessions.
Apr 16 13:31:38 localhost systemd[1]: Stopped target Remote File Systems.
Apr 16 13:31:38 localhost systemd[1]: Stopped target Remote File Systems (Pre).
Apr 16 13:31:38 localhost systemd[1]: Stopping Logout off all iSCSI sessions on shutdown...
Apr 16 13:31:38 localhost systemd[1]: Stopped target NFS client services.
Apr 16 13:31:38 localhost audit[1]: SERVICE_START pid=1 uid=0 auid=4294967295 ses=4294967295 subj=system_u:system_r:init_t:s0 msg='unit=systemd-user-sessions comm="systemd" exe="/usr/lib/systemd/systemd" hostname=? addr=? terminal=? res=success'
Apr 16 13:31:38 localhost audit[1]: SERVICE_STOP pid=1 uid=0 auid=4294967295 ses=4294967295 subj=system_u:system_r:init_t:s0 msg='unit=systemd-user-sessions comm="systemd" exe="/usr/lib/systemd/systemd" hostname=? addr=? terminal=? res=success'
Apr 16 13:31:38 localhost systemd[1]: Stopping GSSAPI Proxy Daemon...
Apr 16 13:31:38 localhost systemd[1]: Stopped target User and Group Name Lookups.
Apr 16 13:31:38 localhost systemd[1]: Stopping System Security Services Daemon...
Apr 16 13:31:38 localhost audit[1]: SERVICE_START pid=1 uid=0 auid=4294967295 ses=4294967295 subj=system_u:system_r:init_t:s0 msg='unit=gssproxy comm="systemd" exe="/usr/lib/systemd/systemd" hostname=? addr=? terminal=? res=success'
Apr 16 13:31:38 localhost audit[1]: SERVICE_STOP pid=1 uid=0 auid=4294967295 ses=4294967295 subj=system_u:system_r:init_t:s0 msg='unit=gssproxy comm="systemd" exe="/usr/lib/systemd/systemd" hostname=? addr=? terminal=? res=success'
Apr 16 13:31:38 localhost systemd[1]: Stopped GSSAPI Proxy Daemon.
Apr 16 13:31:38 localhost iscsiadm[2913]: iscsiadm: No matching sessions found
Apr 16 13:31:38 localhost audit[1]: SERVICE_START pid=1 uid=0 auid=4294967295 ses=4294967295 subj=system_u:system_r:init_t:s0 msg='unit=iscsi-shutdown comm="systemd" exe="/usr/lib/systemd/systemd" hostname=? addr=? terminal=? res=success'
Apr 16 13:31:38 localhost audit[1]: SERVICE_STOP pid=1 uid=0 auid=4294967295 ses=4294967295 subj=system_u:system_r:init_t:s0 msg='unit=iscsi-shutdown comm="systemd" exe="/usr/lib/systemd/systemd" hostname=? addr=? terminal=? res=success'
Apr 16 13:31:38 localhost systemd[1]: Stopped Logout off all iSCSI sessions on shutdown.
Apr 16 13:31:38 localhost systemd[1]: Stopped target Network.
Apr 16 13:31:38 localhost systemd[1]: Stopping Network Manager...
Apr 16 13:31:38 localhost systemd[1]: Stopping WPA supplicant...
Apr 16 13:31:38 localhost NetworkManager[810]: <info>  [1555446698.6205] caught SIGTERM, shutting down normally.
Apr 16 13:31:38 localhost systemd[1]: Stopped WPA supplicant.
Apr 16 13:31:38 localhost audit[1]: SERVICE_START pid=1 uid=0 auid=4294967295 ses=4294967295 subj=system_u:system_r:init_t:s0 msg='unit=wpa_supplicant comm="systemd" exe="/usr/lib/systemd/systemd" hostname=? addr=? terminal=? res=success'
Apr 16 13:31:38 localhost audit[1]: SERVICE_STOP pid=1 uid=0 auid=4294967295 ses=4294967295 subj=system_u:system_r:init_t:s0 msg='unit=wpa_supplicant comm="systemd" exe="/usr/lib/systemd/systemd" hostname=? addr=? terminal=? res=success'
Apr 16 13:31:38 localhost sssd[be[implicit_files]][748]: Shutting down
Apr 16 13:31:38 localhost sssd[nss][766]: Shutting down
Apr 16 13:31:38 localhost NetworkManager[810]: <info>  [1555446698.7324] exiting (success)
Apr 16 13:31:38 localhost systemd[1]: Stopped System Security Services Daemon.
Apr 16 13:31:38 localhost audit[1]: SERVICE_START pid=1 uid=0 auid=4294967295 ses=4294967295 subj=system_u:system_r:init_t:s0 msg='unit=sssd comm="systemd" exe="/usr/lib/systemd/systemd" hostname=? addr=? terminal=? res=success'
Apr 16 13:31:38 localhost audit[1]: SERVICE_STOP pid=1 uid=0 auid=4294967295 ses=4294967295 subj=system_u:system_r:init_t:s0 msg='unit=sssd comm="systemd" exe="/usr/lib/systemd/systemd" hostname=? addr=? terminal=? res=success'
Apr 16 13:31:38 localhost systemd[1]: Stopped Network Manager.
Apr 16 13:31:38 localhost systemd[1]: Stopped target Network (Pre).
Apr 16 13:31:38 localhost systemd[1]: Stopping firewalld - dynamic firewall daemon...
Apr 16 13:31:38 localhost audit[1]: SERVICE_START pid=1 uid=0 auid=4294967295 ses=4294967295 subj=system_u:system_r:init_t:s0 msg='unit=NetworkManager comm="systemd" exe="/usr/lib/systemd/systemd" hostname=? addr=? terminal=? res=success'
Apr 16 13:31:38 localhost audit[1]: SERVICE_STOP pid=1 uid=0 auid=4294967295 ses=4294967295 subj=system_u:system_r:init_t:s0 msg='unit=NetworkManager comm="systemd" exe="/usr/lib/systemd/systemd" hostname=? addr=? terminal=? res=success'
Apr 16 13:31:38 localhost audit: NETFILTER_CFG table=security family=2 entries=13
Apr 16 13:31:38 localhost audit: NETFILTER_CFG table=raw family=2 entries=29
Apr 16 13:31:38 localhost audit: NETFILTER_CFG table=mangle family=2 entries=40
Apr 16 13:31:38 localhost audit: NETFILTER_CFG table=nat family=2 entries=52
Apr 16 13:31:38 localhost audit: NETFILTER_CFG table=filter family=2 entries=86
Apr 16 13:31:38 localhost audit: NETFILTER_CFG table=security family=10 entries=13
Apr 16 13:31:38 localhost audit: NETFILTER_CFG table=raw family=10 entries=31
Apr 16 13:31:38 localhost audit: NETFILTER_CFG table=mangle family=10 entries=40
Apr 16 13:31:38 localhost audit: NETFILTER_CFG table=nat family=10 entries=52
Apr 16 13:31:38 localhost audit: NETFILTER_CFG table=filter family=10 entries=87
Apr 16 13:31:38 localhost audit: NETFILTER_CFG table=nat family=7 entries=0
Apr 16 13:31:38 localhost audit: NETFILTER_CFG table=filter family=7 entries=0
Apr 16 13:31:38 localhost audit: NETFILTER_CFG table=security family=2 entries=4
Apr 16 13:31:39 localhost audit: NETFILTER_CFG table=raw family=2 entries=3
Apr 16 13:31:39 localhost audit: NETFILTER_CFG table=mangle family=2 entries=6
Apr 16 13:31:39 localhost audit: NETFILTER_CFG table=filter family=2 entries=4
Apr 16 13:31:39 localhost audit[1]: SERVICE_START pid=1 uid=0 auid=4294967295 ses=4294967295 subj=system_u:system_r:init_t:s0 msg='unit=dracut-shutdown comm="systemd" exe="/usr/lib/systemd/systemd" hostname=? addr=? terminal=? res=success'
Apr 16 13:31:39 localhost audit[1]: SERVICE_STOP pid=1 uid=0 auid=4294967295 ses=4294967295 subj=system_u:system_r:init_t:s0 msg='unit=dracut-shutdown comm="systemd" exe="/usr/lib/systemd/systemd" hostname=? addr=? terminal=? res=success'
Apr 16 13:31:39 localhost systemd[1]: Stopped Restore /run/initramfs on shutdown.
Apr 16 13:31:39 localhost audit: NETFILTER_CFG table=security family=10 entries=4
Apr 16 13:31:39 localhost audit: NETFILTER_CFG table=raw family=10 entries=3
Apr 16 13:31:39 localhost audit: NETFILTER_CFG table=mangle family=10 entries=6
Apr 16 13:31:39 localhost audit: NETFILTER_CFG table=filter family=10 entries=4
Apr 16 13:31:39 localhost audit: NETFILTER_CFG table=nat family=7 entries=0
Apr 16 13:31:39 localhost audit: NETFILTER_CFG table=filter family=7 entries=0
Apr 16 13:31:39 localhost systemd[1]: Stopped firewalld - dynamic firewall daemon.
Apr 16 13:31:39 localhost systemd[1]: Stopping D-Bus System Message Bus...
Apr 16 13:31:39 localhost audit[1]: SERVICE_START pid=1 uid=0 auid=4294967295 ses=4294967295 subj=system_u:system_r:init_t:s0 msg='unit=firewalld comm="systemd" exe="/usr/lib/systemd/systemd" hostname=? addr=? terminal=? res=success'
Apr 16 13:31:39 localhost audit[1]: SERVICE_STOP pid=1 uid=0 auid=4294967295 ses=4294967295 subj=system_u:system_r:init_t:s0 msg='unit=firewalld comm="systemd" exe="/usr/lib/systemd/systemd" hostname=? addr=? terminal=? res=success'
Apr 16 13:31:39 localhost systemd[1]: Stopping Authorization Manager...
Apr 16 13:31:39 localhost systemd[1]: Stopped Authorization Manager.
Apr 16 13:31:39 localhost audit[1]: SERVICE_START pid=1 uid=0 auid=4294967295 ses=4294967295 subj=system_u:system_r:init_t:s0 msg='unit=polkit comm="systemd" exe="/usr/lib/systemd/systemd" hostname=? addr=? terminal=? res=success'
Apr 16 13:31:39 localhost audit[1]: SERVICE_STOP pid=1 uid=0 auid=4294967295 ses=4294967295 subj=system_u:system_r:init_t:s0 msg='unit=polkit comm="systemd" exe="/usr/lib/systemd/systemd" hostname=? addr=? terminal=? res=success'
Apr 16 13:31:39 localhost systemd[1]: Stopped D-Bus System Message Bus.
Apr 16 13:31:39 localhost audit[1]: SERVICE_START pid=1 uid=0 auid=4294967295 ses=4294967295 subj=system_u:system_r:init_t:s0 msg='unit=dbus comm="systemd" exe="/usr/lib/systemd/systemd" hostname=? addr=? terminal=? res=success'
Apr 16 13:31:39 localhost audit[1]: SERVICE_STOP pid=1 uid=0 auid=4294967295 ses=4294967295 subj=system_u:system_r:init_t:s0 msg='unit=dbus comm="systemd" exe="/usr/lib/systemd/systemd" hostname=? addr=? terminal=? res=success'
Apr 16 13:31:39 localhost systemd[1]: Stopped target Basic System.
Apr 16 13:31:39 localhost systemd[1]: Stopped Forward Password Requests to Plymouth Directory Watch.
Apr 16 13:31:39 localhost systemd[1]: Stopped target Slices.
Apr 16 13:31:39 localhost systemd[1]: Removed slice User and Session Slice.
Apr 16 13:31:39 localhost systemd[1]: Removed slice Virtual Machine and Container Slice.
Apr 16 13:31:39 localhost systemd[1]: Stopped target Sockets.
Apr 16 13:31:39 localhost systemd[1]: Closed SSSD Kerberos Cache Manager responder socket.
Apr 16 13:31:39 localhost systemd[1]: Closed Virtual machine lock manager socket.
Apr 16 13:31:39 localhost systemd[1]: Closed Avahi mDNS/DNS-SD Stack Activation Socket.
Apr 16 13:31:39 localhost systemd[1]: Closed Activation socket for spice guest agent daemon.
Apr 16 13:31:39 localhost systemd[1]: Closed Open-iSCSI iscsiuio Socket.
Apr 16 13:31:39 localhost systemd[1]: Closed Open-iSCSI iscsid Socket.
Apr 16 13:31:39 localhost systemd[1]: Closed CUPS Scheduler.
Apr 16 13:31:39 localhost systemd[1]: Closed Virtual machine log manager socket.
Apr 16 13:31:39 localhost systemd[1]: Stopped target Paths.
Apr 16 13:31:39 localhost systemd[1]: Stopped CUPS Scheduler.
Apr 16 13:31:39 localhost systemd[1]: Closed D-Bus System Message Bus Socket.
Apr 16 13:31:39 localhost systemd[1]: Stopped target System Initialization.
Apr 16 13:31:39 localhost systemd[1]: Stopping Update UTMP about System Boot/Shutdown...
Apr 16 13:31:39 localhost systemd[1]: Stopped Apply Kernel Variables.
Apr 16 13:31:39 localhost audit[1]: SERVICE_START pid=1 uid=0 auid=4294967295 ses=4294967295 subj=system_u:system_r:init_t:s0 msg='unit=systemd-sysctl comm="systemd" exe="/usr/lib/systemd/systemd" hostname=? addr=? terminal=? res=success'
Apr 16 13:31:39 localhost audit[1]: SERVICE_STOP pid=1 uid=0 auid=4294967295 ses=4294967295 subj=system_u:system_r:init_t:s0 msg='unit=systemd-sysctl comm="systemd" exe="/usr/lib/systemd/systemd" hostname=? addr=? terminal=? res=success'
Apr 16 13:31:39 localhost systemd[1]: Stopping Load/Save Random Seed...
Apr 16 13:31:39 localhost systemd[1]: Stopped target Local Encrypted Volumes.
Apr 16 13:31:39 localhost systemd[1]: Stopped Forward Password Requests to Wall Directory Watch.
Apr 16 13:31:39 localhost audit[2978]: SYSTEM_SHUTDOWN pid=2978 uid=0 auid=4294967295 ses=4294967295 subj=system_u:system_r:init_t:s0 msg=' comm="systemd-update-utmp" exe="/usr/lib/systemd/systemd-update-utmp" hostname=? addr=? terminal=? res=success'
Apr 16 13:31:39 localhost systemd[1]: Stopped Update UTMP about System Boot/Shutdown.
Apr 16 13:31:39 localhost audit[1]: SERVICE_START pid=1 uid=0 auid=4294967295 ses=4294967295 subj=system_u:system_r:init_t:s0 msg='unit=systemd-update-utmp comm="systemd" exe="/usr/lib/systemd/systemd" hostname=? addr=? terminal=? res=success'
Apr 16 13:31:39 localhost audit[1]: SERVICE_STOP pid=1 uid=0 auid=4294967295 ses=4294967295 subj=system_u:system_r:init_t:s0 msg='unit=systemd-update-utmp comm="systemd" exe="/usr/lib/systemd/systemd" hostname=? addr=? terminal=? res=success'
Apr 16 13:31:39 localhost systemd[1]: Stopped Load/Save Random Seed.
Apr 16 13:31:39 localhost audit[1]: SERVICE_START pid=1 uid=0 auid=4294967295 ses=4294967295 subj=system_u:system_r:init_t:s0 msg='unit=systemd-random-seed comm="systemd" exe="/usr/lib/systemd/systemd" hostname=? addr=? terminal=? res=success'
Apr 16 13:31:39 localhost audit[1]: SERVICE_STOP pid=1 uid=0 auid=4294967295 ses=4294967295 subj=system_u:system_r:init_t:s0 msg='unit=systemd-random-seed comm="systemd" exe="/usr/lib/systemd/systemd" hostname=? addr=? terminal=? res=success'
Apr 16 13:31:39 localhost systemd[1]: Stopping Security Auditing Service...
Apr 16 13:31:39 localhost auditd[674]: The audit daemon is exiting.
Apr 16 13:31:39 localhost audit: CONFIG_CHANGE audit_pid=0 old=674 auid=4294967295 ses=4294967295 subj=system_u:system_r:auditd_t:s0 res=1
Apr 16 13:31:39 localhost kernel: kauditd_printk_skb: 6 callbacks suppressed
Apr 16 13:31:39 localhost kernel: audit: type=1305 audit(1555446699.279:487): audit_pid=0 old=674 auid=4294967295 ses=4294967295 subj=system_u:system_r:auditd_t:s0 res=1
Apr 16 13:31:39 localhost systemd[1]: Stopped Security Auditing Service.
Apr 16 13:31:39 localhost audit[1]: SERVICE_START pid=1 uid=0 auid=4294967295 ses=4294967295 subj=system_u:system_r:init_t:s0 msg='unit=auditd comm="systemd" exe="/usr/lib/systemd/systemd" hostname=? addr=? terminal=? res=success'
Apr 16 13:31:39 localhost audit[1]: SERVICE_STOP pid=1 uid=0 auid=4294967295 ses=4294967295 subj=system_u:system_r:init_t:s0 msg='unit=auditd comm="systemd" exe="/usr/lib/systemd/systemd" hostname=? addr=? terminal=? res=success'
Apr 16 13:31:39 localhost kernel: audit: type=1130 audit(1555446699.281:488): pid=1 uid=0 auid=4294967295 ses=4294967295 subj=system_u:system_r:init_t:s0 msg='unit=auditd comm="systemd" exe="/usr/lib/systemd/systemd" hostname=? addr=? terminal=? res=success'
Apr 16 13:31:39 localhost kernel: audit: type=1131 audit(1555446699.281:489): pid=1 uid=0 auid=4294967295 ses=4294967295 subj=system_u:system_r:init_t:s0 msg='unit=auditd comm="systemd" exe="/usr/lib/systemd/systemd" hostname=? addr=? terminal=? res=success'
Apr 16 13:31:39 localhost systemd[1]: Stopped Create Volatile Files and Directories.
Apr 16 13:31:39 localhost audit[1]: SERVICE_START pid=1 uid=0 auid=4294967295 ses=4294967295 subj=system_u:system_r:init_t:s0 msg='unit=systemd-tmpfiles-setup comm="systemd" exe="/usr/lib/systemd/systemd" hostname=? addr=? terminal=? res=success'
Apr 16 13:31:39 localhost audit[1]: SERVICE_STOP pid=1 uid=0 auid=4294967295 ses=4294967295 subj=system_u:system_r:init_t:s0 msg='unit=systemd-tmpfiles-setup comm="systemd" exe="/usr/lib/systemd/systemd" hostname=? addr=? terminal=? res=success'
Apr 16 13:31:39 localhost systemd[1]: Stopped Import network configuration from initramfs.
Apr 16 13:31:39 localhost audit[1]: SERVICE_START pid=1 uid=0 auid=4294967295 ses=4294967295 subj=system_u:system_r:init_t:s0 msg='unit=import-state comm="systemd" exe="/usr/lib/systemd/systemd" hostname=? addr=? terminal=? res=success'
Apr 16 13:31:39 localhost audit[1]: SERVICE_STOP pid=1 uid=0 auid=4294967295 ses=4294967295 subj=system_u:system_r:init_t:s0 msg='unit=import-state comm="systemd" exe="/usr/lib/systemd/systemd" hostname=? addr=? terminal=? res=success'
Apr 16 13:31:39 localhost systemd[1]: Stopped target Local File Systems.
Apr 16 13:31:39 localhost kernel: audit: type=1130 audit(1555446699.282:490): pid=1 uid=0 auid=4294967295 ses=4294967295 subj=system_u:system_r:init_t:s0 msg='unit=systemd-tmpfiles-setup comm="systemd" exe="/usr/lib/systemd/systemd" hostname=? addr=? terminal=? res=success'
Apr 16 13:31:39 localhost kernel: audit: type=1131 audit(1555446699.282:491): pid=1 uid=0 auid=4294967295 ses=4294967295 subj=system_u:system_r:init_t:s0 msg='unit=systemd-tmpfiles-setup comm="systemd" exe="/usr/lib/systemd/systemd" hostname=? addr=? terminal=? res=success'
Apr 16 13:31:39 localhost kernel: audit: type=1130 audit(1555446699.282:492): pid=1 uid=0 auid=4294967295 ses=4294967295 subj=system_u:system_r:init_t:s0 msg='unit=import-state comm="systemd" exe="/usr/lib/systemd/systemd" hostname=? addr=? terminal=? res=success'
Apr 16 13:31:39 localhost kernel: audit: type=1131 audit(1555446699.282:493): pid=1 uid=0 auid=4294967295 ses=4294967295 subj=system_u:system_r:init_t:s0 msg='unit=import-state comm="systemd" exe="/usr/lib/systemd/systemd" hostname=? addr=? terminal=? res=success'
Apr 16 13:31:39 localhost systemd[1]: Unmounting Temporary Directory (/tmp)...
Apr 16 13:31:39 localhost systemd[1]: Unmounting /boot...
Apr 16 13:31:39 localhost systemd[1]: Unmounted Temporary Directory (/tmp).
Apr 16 13:31:39 localhost systemd[1]: Stopped target Swap.
Apr 16 13:31:39 localhost systemd[1]: Deactivating swap /dev/disk/by-uuid/faaaa5d9-f941-4817-b121-afc10a9e6bc6...
Apr 16 13:31:39 localhost systemd[1]: Unmounted /boot.
Apr 16 13:31:39 localhost systemd[1]: Stopped File System Check on /dev/disk/by-uuid/5edf20ac-7753-4f03-b878-940bd2ccfc17.
Apr 16 13:31:39 localhost audit[1]: SERVICE_START pid=1 uid=0 auid=4294967295 ses=4294967295 subj=system_u:system_r:init_t:s0 msg='unit=systemd-fsck@dev-disk-by\x2duuid-5edf20ac\x2d7753\x2d4f03\x2db878\x2d940bd2ccfc17 comm="systemd" exe="/usr/lib/systemd/systemd" hostname=? addr=? terminal=? res=success'
Apr 16 13:31:39 localhost audit[1]: SERVICE_STOP pid=1 uid=0 auid=4294967295 ses=4294967295 subj=system_u:system_r:init_t:s0 msg='unit=systemd-fsck@dev-disk-by\x2duuid-5edf20ac\x2d7753\x2d4f03\x2db878\x2d940bd2ccfc17 comm="systemd" exe="/usr/lib/systemd/systemd" hostname=? addr=? terminal=? res=success'
Apr 16 13:31:39 localhost systemd[1]: Stopped target Local File Systems (Pre).
Apr 16 13:31:39 localhost kernel: audit: type=1130 audit(1555446699.299:494): pid=1 uid=0 auid=4294967295 ses=4294967295 subj=system_u:system_r:init_t:s0 msg='unit=systemd-fsck@dev-disk-by\x2duuid-5edf20ac\x2d7753\x2d4f03\x2db878\x2d940bd2ccfc17 comm="systemd" exe="/usr/lib/systemd/systemd" hostname=? addr=? terminal=? res=success'
Apr 16 13:31:39 localhost kernel: audit: type=1131 audit(1555446699.299:495): pid=1 uid=0 auid=4294967295 ses=4294967295 subj=system_u:system_r:init_t:s0 msg='unit=systemd-fsck@dev-disk-by\x2duuid-5edf20ac\x2d7753\x2d4f03\x2db878\x2d940bd2ccfc17 comm="systemd" exe="/usr/lib/systemd/systemd" hostname=? addr=? terminal=? res=success'
Apr 16 13:31:39 localhost systemd[1]: Stopping Monitoring of LVM2 mirrors, snapshots etc. using dmeventd or progress polling...
Apr 16 13:31:39 localhost systemd[1]: Stopped Create Static Device Nodes in /dev.
Apr 16 13:31:39 localhost audit[1]: SERVICE_START pid=1 uid=0 auid=4294967295 ses=4294967295 subj=system_u:system_r:init_t:s0 msg='unit=systemd-tmpfiles-setup-dev comm="systemd" exe="/usr/lib/systemd/systemd" hostname=? addr=? terminal=? res=success'
Apr 16 13:31:39 localhost audit[1]: SERVICE_STOP pid=1 uid=0 auid=4294967295 ses=4294967295 subj=system_u:system_r:init_t:s0 msg='unit=systemd-tmpfiles-setup-dev comm="systemd" exe="/usr/lib/systemd/systemd" hostname=? addr=? terminal=? res=success'
Apr 16 13:31:39 localhost systemd[1]: Stopped Remount Root and Kernel File Systems.
Apr 16 13:31:39 localhost audit[1]: SERVICE_START pid=1 uid=0 auid=4294967295 ses=4294967295 subj=system_u:system_r:init_t:s0 msg='unit=systemd-remount-fs comm="systemd" exe="/usr/lib/systemd/systemd" hostname=? addr=? terminal=? res=success'
Apr 16 13:31:39 localhost audit[1]: SERVICE_STOP pid=1 uid=0 auid=4294967295 ses=4294967295 subj=system_u:system_r:init_t:s0 msg='unit=systemd-remount-fs comm="systemd" exe="/usr/lib/systemd/systemd" hostname=? addr=? terminal=? res=success'
Apr 16 13:31:39 localhost kernel: audit: type=1130 audit(1555446699.302:496): pid=1 uid=0 auid=4294967295 ses=4294967295 subj=system_u:system_r:init_t:s0 msg='unit=systemd-tmpfiles-setup-dev comm="systemd" exe="/usr/lib/systemd/systemd" hostname=? addr=? terminal=? res=success'
Apr 16 13:31:39 localhost systemd[1]: Removed slice system-systemd\x2dfsck.slice.
Apr 16 13:31:39 localhost systemd[1]: Reached target Shutdown.
Apr 16 13:31:39 localhost lvm[2984]:  2 logical volume(s) in volume group "fedora" unmonitored
Apr 16 13:31:39 localhost audit[1]: SERVICE_START pid=1 uid=0 auid=4294967295 ses=4294967295 subj=system_u:system_r:init_t:s0 msg='unit=lvm2-monitor comm="systemd" exe="/usr/lib/systemd/systemd" hostname=? addr=? terminal=? res=success'
Apr 16 13:31:39 localhost audit[1]: SERVICE_STOP pid=1 uid=0 auid=4294967295 ses=4294967295 subj=system_u:system_r:init_t:s0 msg='unit=lvm2-monitor comm="systemd" exe="/usr/lib/systemd/systemd" hostname=? addr=? terminal=? res=success'
Apr 16 13:31:39 localhost systemd[1]: Stopped Monitoring of LVM2 mirrors, snapshots etc. using dmeventd or progress polling.
Apr 16 13:31:39 localhost systemd[1]: Stopping LVM2 metadata daemon...
Apr 16 13:31:39 localhost audit[1]: SERVICE_START pid=1 uid=0 auid=4294967295 ses=4294967295 subj=system_u:system_r:init_t:s0 msg='unit=lvm2-lvmetad comm="systemd" exe="/usr/lib/systemd/systemd" hostname=? addr=? terminal=? res=success'
Apr 16 13:31:39 localhost audit[1]: SERVICE_STOP pid=1 uid=0 auid=4294967295 ses=4294967295 subj=system_u:system_r:init_t:s0 msg='unit=lvm2-lvmetad comm="systemd" exe="/usr/lib/systemd/systemd" hostname=? addr=? terminal=? res=success'
Apr 16 13:31:39 localhost systemd[1]: Stopped LVM2 metadata daemon.
Apr 16 13:31:39 localhost systemd[1]: Closed LVM2 metadata daemon socket.
Apr 16 13:31:39 localhost systemd[1]: Deactivated swap /dev/fedora/swap.
Apr 16 13:31:39 localhost systemd[1]: Deactivated swap /dev/disk/by-uuid/faaaa5d9-f941-4817-b121-afc10a9e6bc6.
Apr 16 13:31:39 localhost systemd[1]: Deactivated swap /dev/disk/by-id/dm-uuid-LVM-QkAUXgPHjcOadutbZ3CyuOD9ajZiJYaiv5VZjDXNabPqEbRvbfgNxQr04zYmbwz6.
Apr 16 13:31:39 localhost systemd[1]: Deactivated swap /dev/disk/by-id/dm-name-fedora-swap.
Apr 16 13:31:39 localhost systemd[1]: Deactivated swap /dev/dm-1.
Apr 16 13:31:39 localhost systemd[1]: Deactivated swap /dev/mapper/fedora-swap.
Apr 16 13:31:39 localhost systemd[1]: Reached target Unmount All Filesystems.
Apr 16 13:31:39 localhost systemd[1]: Reached target Final Step.
Apr 16 13:31:39 localhost systemd[1]: Starting Reboot...
Apr 16 13:31:39 localhost systemd[1]: Shutting down.
Apr 16 13:31:39 localhost kernel: systemd-shutdow: 35 output lines suppressed due to ratelimiting
Apr 16 13:31:39 localhost systemd-shutdown[1]: Syncing filesystems and block devices.
Apr 16 13:31:39 localhost systemd-shutdown[1]: Sending SIGTERM to remaining processes...
Apr 16 13:31:39 localhost systemd-journald[2186]: Journal stopped
Apr 16 13:31:48 localhost kernel: Linux version 4.18.16-300.fc29.x86_64 (mockbuild@bkernel04.phx2.fedoraproject.org) (gcc version 8.2.1 20180801 (Red Hat 8.2.1-2) (GCC)) #1 SMP Sat Oct 20 23:24:08 UTC 2018
Apr 16 13:31:48 localhost kernel: Command line: BOOT_IMAGE=/vmlinuz-4.18.16-300.fc29.x86_64 root=/dev/mapper/fedora-root ro resume=/dev/mapper/fedora-swap rd.lvm.lv=fedora/root rd.lvm.lv=fedora/swap rhgb quiet LANG=en_US.UTF-8
Apr 16 13:31:48 localhost kernel: Disabled fast string operations
Apr 16 13:31:48 localhost kernel: x86/fpu: Supporting XSAVE feature 0x001: 'x87 floating point registers'
Apr 16 13:31:48 localhost kernel: x86/fpu: Supporting XSAVE feature 0x002: 'SSE registers'
Apr 16 13:31:48 localhost kernel: x86/fpu: Supporting XSAVE feature 0x004: 'AVX registers'
Apr 16 13:31:48 localhost kernel: x86/fpu: Supporting XSAVE feature 0x008: 'MPX bounds registers'
Apr 16 13:31:48 localhost kernel: x86/fpu: Supporting XSAVE feature 0x010: 'MPX CSR'
Apr 16 13:31:48 localhost kernel: x86/fpu: xstate_offset[2]:  576, xstate_sizes[2]:  256
Apr 16 13:31:48 localhost kernel: x86/fpu: xstate_offset[3]:  832, xstate_sizes[3]:   64
Apr 16 13:31:48 localhost kernel: x86/fpu: xstate_offset[4]:  896, xstate_sizes[4]:   64
Apr 16 13:31:48 localhost kernel: x86/fpu: Enabled xstate features 0x1f, context size is 960 bytes, using 'compacted' format.
Apr 16 13:31:48 localhost kernel: BIOS-provided physical RAM map:
Apr 16 13:31:48 localhost kernel: BIOS-e820: [mem 0x0000000000000000-0x000000000009ebff] usable
Apr 16 13:31:48 localhost kernel: BIOS-e820: [mem 0x000000000009ec00-0x000000000009ffff] reserved
Apr 16 13:31:48 localhost kernel: BIOS-e820: [mem 0x00000000000dc000-0x00000000000fffff] reserved
Apr 16 13:31:48 localhost kernel: BIOS-e820: [mem 0x0000000000100000-0x000000007fedffff] usable
Apr 16 13:31:48 localhost kernel: BIOS-e820: [mem 0x000000007fee0000-0x000000007fefefff] ACPI data
Apr 16 13:31:48 localhost kernel: BIOS-e820: [mem 0x000000007feff000-0x000000007fefffff] ACPI NVS
Apr 16 13:31:48 localhost kernel: BIOS-e820: [mem 0x000000007ff00000-0x000000007fffffff] usable
Apr 16 13:31:48 localhost kernel: BIOS-e820: [mem 0x00000000f0000000-0x00000000f7ffffff] reserved
Apr 16 13:31:48 localhost kernel: BIOS-e820: [mem 0x00000000fec00000-0x00000000fec0ffff] reserved
Apr 16 13:31:48 localhost kernel: BIOS-e820: [mem 0x00000000fee00000-0x00000000fee00fff] reserved
Apr 16 13:31:48 localhost kernel: BIOS-e820: [mem 0x00000000fffe0000-0x00000000ffffffff] reserved
Apr 16 13:31:48 localhost kernel: NX (Execute Disable) protection: active
Apr 16 13:31:48 localhost kernel: SMBIOS 2.7 present.
Apr 16 13:31:48 localhost kernel: DMI: VMware, Inc. VMware Virtual Platform/440BX Desktop Reference Platform, BIOS 6.00 04/13/2018
Apr 16 13:31:48 localhost kernel: Hypervisor detected: VMware
Apr 16 13:31:48 localhost kernel: vmware: TSC freq read from hypervisor : 2208.000 MHz
Apr 16 13:31:48 localhost kernel: vmware: Host bus clock speed read from hypervisor : 66000000 Hz
Apr 16 13:31:48 localhost kernel: vmware: using sched offset of 7302946570 ns
Apr 16 13:31:48 localhost kernel: last_pfn = 0x80000 max_arch_pfn = 0x400000000
Apr 16 13:31:48 localhost kernel: x86/PAT: Configuration [0-7]: WB  WC  UC- UC  WB  WP  UC- WT  
Apr 16 13:31:48 localhost kernel: found SMP MP-table at [mem 0x000f6a80-0x000f6a8f] mapped at [(____ptrval____)]
Apr 16 13:31:48 localhost kernel: Using GB pages for direct mapping
Apr 16 13:31:48 localhost kernel: RAMDISK: [mem 0x3526b000-0x3692dfff]
Apr 16 13:31:48 localhost kernel: ACPI: Early table checksum verification disabled
Apr 16 13:31:48 localhost kernel: ACPI: RSDP 0x00000000000F6A10 000024 (v02 PTLTD )
Apr 16 13:31:48 localhost kernel: ACPI: XSDT 0x000000007FEE965B 00005C (v01 INTEL  440BX    06040000 VMW  01324272)
Apr 16 13:31:48 localhost kernel: ACPI: FACP 0x000000007FEFEE73 0000F4 (v04 INTEL  440BX    06040000 PTL  000F4240)
Apr 16 13:31:48 localhost kernel: ACPI: DSDT 0x000000007FEEB345 013B2E (v01 PTLTD  Custom   06040000 MSFT 03000001)
Apr 16 13:31:48 localhost kernel: ACPI: FACS 0x000000007FEFFFC0 000040
Apr 16 13:31:48 localhost kernel: ACPI: FACS 0x000000007FEFFFC0 000040
Apr 16 13:31:48 localhost kernel: ACPI: BOOT 0x000000007FEEB31D 000028 (v01 PTLTD  $SBFTBL$ 06040000  LTP 00000001)
Apr 16 13:31:48 localhost kernel: ACPI: APIC 0x000000007FEEA8BD 000742 (v01 PTLTD  ? APIC   06040000  LTP 00000000)
Apr 16 13:31:48 localhost kernel: ACPI: MCFG 0x000000007FEEA881 00003C (v01 PTLTD  $PCITBL$ 06040000  LTP 00000001)
Apr 16 13:31:48 localhost kernel: ACPI: SRAT 0x000000007FEE9757 0008A8 (v02 VMWARE MEMPLUG  06040000 VMW  00000001)
Apr 16 13:31:48 localhost kernel: ACPI: HPET 0x000000007FEE971F 000038 (v01 VMWARE VMW HPET 06040000 VMW  00000001)
Apr 16 13:31:48 localhost kernel: ACPI: WAET 0x000000007FEE96F7 000028 (v01 VMWARE VMW WAET 06040000 VMW  00000001)
Apr 16 13:31:48 localhost kernel: Setting APIC routing to physical flat.
Apr 16 13:31:48 localhost kernel: SRAT: PXM 0 -> APIC 0x00 -> Node 0
Apr 16 13:31:48 localhost kernel: SRAT: PXM 0 -> APIC 0x02 -> Node 0
Apr 16 13:31:48 localhost kernel: SRAT: PXM 0 -> APIC 0x04 -> Node 0
Apr 16 13:31:48 localhost kernel: SRAT: PXM 0 -> APIC 0x06 -> Node 0
Apr 16 13:31:48 localhost kernel: SRAT: PXM 0 -> APIC 0x08 -> Node 0
Apr 16 13:31:48 localhost kernel: SRAT: PXM 0 -> APIC 0x0a -> Node 0
Apr 16 13:31:48 localhost kernel: SRAT: PXM 0 -> APIC 0x0c -> Node 0
Apr 16 13:31:48 localhost kernel: SRAT: PXM 0 -> APIC 0x0e -> Node 0
Apr 16 13:31:48 localhost kernel: SRAT: PXM 0 -> APIC 0x10 -> Node 0
Apr 16 13:31:48 localhost kernel: SRAT: PXM 0 -> APIC 0x12 -> Node 0
Apr 16 13:31:48 localhost kernel: SRAT: PXM 0 -> APIC 0x14 -> Node 0
Apr 16 13:31:48 localhost kernel: SRAT: PXM 0 -> APIC 0x16 -> Node 0
Apr 16 13:31:48 localhost kernel: SRAT: PXM 0 -> APIC 0x18 -> Node 0
Apr 16 13:31:48 localhost kernel: SRAT: PXM 0 -> APIC 0x1a -> Node 0
Apr 16 13:31:48 localhost kernel: SRAT: PXM 0 -> APIC 0x1c -> Node 0
Apr 16 13:31:48 localhost kernel: SRAT: PXM 0 -> APIC 0x1e -> Node 0
Apr 16 13:31:48 localhost kernel: SRAT: PXM 0 -> APIC 0x20 -> Node 0
Apr 16 13:31:48 localhost kernel: SRAT: PXM 0 -> APIC 0x22 -> Node 0
Apr 16 13:31:48 localhost kernel: SRAT: PXM 0 -> APIC 0x24 -> Node 0
Apr 16 13:31:48 localhost kernel: SRAT: PXM 0 -> APIC 0x26 -> Node 0
Apr 16 13:31:48 localhost kernel: SRAT: PXM 0 -> APIC 0x28 -> Node 0
Apr 16 13:31:48 localhost kernel: SRAT: PXM 0 -> APIC 0x2a -> Node 0
Apr 16 13:31:48 localhost kernel: SRAT: PXM 0 -> APIC 0x2c -> Node 0
Apr 16 13:31:48 localhost kernel: SRAT: PXM 0 -> APIC 0x2e -> Node 0
Apr 16 13:31:48 localhost kernel: SRAT: PXM 0 -> APIC 0x30 -> Node 0
Apr 16 13:31:48 localhost kernel: SRAT: PXM 0 -> APIC 0x32 -> Node 0
Apr 16 13:31:48 localhost kernel: SRAT: PXM 0 -> APIC 0x34 -> Node 0
Apr 16 13:31:48 localhost kernel: SRAT: PXM 0 -> APIC 0x36 -> Node 0
Apr 16 13:31:48 localhost kernel: SRAT: PXM 0 -> APIC 0x38 -> Node 0
Apr 16 13:31:48 localhost kernel: SRAT: PXM 0 -> APIC 0x3a -> Node 0
Apr 16 13:31:48 localhost kernel: SRAT: PXM 0 -> APIC 0x3c -> Node 0
Apr 16 13:31:48 localhost kernel: SRAT: PXM 0 -> APIC 0x3e -> Node 0
Apr 16 13:31:48 localhost kernel: SRAT: PXM 0 -> APIC 0x40 -> Node 0
Apr 16 13:31:48 localhost kernel: SRAT: PXM 0 -> APIC 0x42 -> Node 0
Apr 16 13:31:48 localhost kernel: SRAT: PXM 0 -> APIC 0x44 -> Node 0
Apr 16 13:31:48 localhost kernel: SRAT: PXM 0 -> APIC 0x46 -> Node 0
Apr 16 13:31:48 localhost kernel: SRAT: PXM 0 -> APIC 0x48 -> Node 0
Apr 16 13:31:48 localhost kernel: SRAT: PXM 0 -> APIC 0x4a -> Node 0
Apr 16 13:31:48 localhost kernel: SRAT: PXM 0 -> APIC 0x4c -> Node 0
Apr 16 13:31:48 localhost kernel: SRAT: PXM 0 -> APIC 0x4e -> Node 0
Apr 16 13:31:48 localhost kernel: SRAT: PXM 0 -> APIC 0x50 -> Node 0
Apr 16 13:31:48 localhost kernel: SRAT: PXM 0 -> APIC 0x52 -> Node 0
Apr 16 13:31:48 localhost kernel: SRAT: PXM 0 -> APIC 0x54 -> Node 0
Apr 16 13:31:48 localhost kernel: SRAT: PXM 0 -> APIC 0x56 -> Node 0
Apr 16 13:31:48 localhost kernel: SRAT: PXM 0 -> APIC 0x58 -> Node 0
Apr 16 13:31:48 localhost kernel: SRAT: PXM 0 -> APIC 0x5a -> Node 0
Apr 16 13:31:48 localhost kernel: SRAT: PXM 0 -> APIC 0x5c -> Node 0
Apr 16 13:31:48 localhost kernel: SRAT: PXM 0 -> APIC 0x5e -> Node 0
Apr 16 13:31:48 localhost kernel: SRAT: PXM 0 -> APIC 0x60 -> Node 0
Apr 16 13:31:48 localhost kernel: SRAT: PXM 0 -> APIC 0x62 -> Node 0
Apr 16 13:31:48 localhost kernel: SRAT: PXM 0 -> APIC 0x64 -> Node 0
Apr 16 13:31:48 localhost kernel: SRAT: PXM 0 -> APIC 0x66 -> Node 0
Apr 16 13:31:48 localhost kernel: SRAT: PXM 0 -> APIC 0x68 -> Node 0
Apr 16 13:31:48 localhost kernel: SRAT: PXM 0 -> APIC 0x6a -> Node 0
Apr 16 13:31:48 localhost kernel: SRAT: PXM 0 -> APIC 0x6c -> Node 0
Apr 16 13:31:48 localhost kernel: SRAT: PXM 0 -> APIC 0x6e -> Node 0
Apr 16 13:31:48 localhost kernel: SRAT: PXM 0 -> APIC 0x70 -> Node 0
Apr 16 13:31:48 localhost kernel: SRAT: PXM 0 -> APIC 0x72 -> Node 0
Apr 16 13:31:48 localhost kernel: SRAT: PXM 0 -> APIC 0x74 -> Node 0
Apr 16 13:31:48 localhost kernel: SRAT: PXM 0 -> APIC 0x76 -> Node 0
Apr 16 13:31:48 localhost kernel: SRAT: PXM 0 -> APIC 0x78 -> Node 0
Apr 16 13:31:48 localhost kernel: SRAT: PXM 0 -> APIC 0x7a -> Node 0
Apr 16 13:31:48 localhost kernel: SRAT: PXM 0 -> APIC 0x7c -> Node 0
Apr 16 13:31:48 localhost kernel: SRAT: PXM 0 -> APIC 0x7e -> Node 0
Apr 16 13:31:48 localhost kernel: SRAT: PXM 0 -> APIC 0x80 -> Node 0
Apr 16 13:31:48 localhost kernel: SRAT: PXM 0 -> APIC 0x82 -> Node 0
Apr 16 13:31:48 localhost kernel: SRAT: PXM 0 -> APIC 0x84 -> Node 0
Apr 16 13:31:48 localhost kernel: SRAT: PXM 0 -> APIC 0x86 -> Node 0
Apr 16 13:31:48 localhost kernel: SRAT: PXM 0 -> APIC 0x88 -> Node 0
Apr 16 13:31:48 localhost kernel: SRAT: PXM 0 -> APIC 0x8a -> Node 0
Apr 16 13:31:48 localhost kernel: SRAT: PXM 0 -> APIC 0x8c -> Node 0
Apr 16 13:31:48 localhost kernel: SRAT: PXM 0 -> APIC 0x8e -> Node 0
Apr 16 13:31:48 localhost kernel: SRAT: PXM 0 -> APIC 0x90 -> Node 0
Apr 16 13:31:48 localhost kernel: SRAT: PXM 0 -> APIC 0x92 -> Node 0
Apr 16 13:31:48 localhost kernel: SRAT: PXM 0 -> APIC 0x94 -> Node 0
Apr 16 13:31:48 localhost kernel: SRAT: PXM 0 -> APIC 0x96 -> Node 0
Apr 16 13:31:48 localhost kernel: SRAT: PXM 0 -> APIC 0x98 -> Node 0
Apr 16 13:31:48 localhost kernel: SRAT: PXM 0 -> APIC 0x9a -> Node 0
Apr 16 13:31:48 localhost kernel: SRAT: PXM 0 -> APIC 0x9c -> Node 0
Apr 16 13:31:48 localhost kernel: SRAT: PXM 0 -> APIC 0x9e -> Node 0
Apr 16 13:31:48 localhost kernel: SRAT: PXM 0 -> APIC 0xa0 -> Node 0
Apr 16 13:31:48 localhost kernel: SRAT: PXM 0 -> APIC 0xa2 -> Node 0
Apr 16 13:31:48 localhost kernel: SRAT: PXM 0 -> APIC 0xa4 -> Node 0
Apr 16 13:31:48 localhost kernel: SRAT: PXM 0 -> APIC 0xa6 -> Node 0
Apr 16 13:31:48 localhost kernel: SRAT: PXM 0 -> APIC 0xa8 -> Node 0
Apr 16 13:31:48 localhost kernel: SRAT: PXM 0 -> APIC 0xaa -> Node 0
Apr 16 13:31:48 localhost kernel: SRAT: PXM 0 -> APIC 0xac -> Node 0
Apr 16 13:31:48 localhost kernel: SRAT: PXM 0 -> APIC 0xae -> Node 0
Apr 16 13:31:48 localhost kernel: SRAT: PXM 0 -> APIC 0xb0 -> Node 0
Apr 16 13:31:48 localhost kernel: SRAT: PXM 0 -> APIC 0xb2 -> Node 0
Apr 16 13:31:48 localhost kernel: SRAT: PXM 0 -> APIC 0xb4 -> Node 0
Apr 16 13:31:48 localhost kernel: SRAT: PXM 0 -> APIC 0xb6 -> Node 0
Apr 16 13:31:48 localhost kernel: SRAT: PXM 0 -> APIC 0xb8 -> Node 0
Apr 16 13:31:48 localhost kernel: SRAT: PXM 0 -> APIC 0xba -> Node 0
Apr 16 13:31:48 localhost kernel: SRAT: PXM 0 -> APIC 0xbc -> Node 0
Apr 16 13:31:48 localhost kernel: SRAT: PXM 0 -> APIC 0xbe -> Node 0
Apr 16 13:31:48 localhost kernel: SRAT: PXM 0 -> APIC 0xc0 -> Node 0
Apr 16 13:31:48 localhost kernel: SRAT: PXM 0 -> APIC 0xc2 -> Node 0
Apr 16 13:31:48 localhost kernel: SRAT: PXM 0 -> APIC 0xc4 -> Node 0
Apr 16 13:31:48 localhost kernel: SRAT: PXM 0 -> APIC 0xc6 -> Node 0
Apr 16 13:31:48 localhost kernel: SRAT: PXM 0 -> APIC 0xc8 -> Node 0
Apr 16 13:31:48 localhost kernel: SRAT: PXM 0 -> APIC 0xca -> Node 0
Apr 16 13:31:48 localhost kernel: SRAT: PXM 0 -> APIC 0xcc -> Node 0
Apr 16 13:31:48 localhost kernel: SRAT: PXM 0 -> APIC 0xce -> Node 0
Apr 16 13:31:48 localhost kernel: SRAT: PXM 0 -> APIC 0xd0 -> Node 0
Apr 16 13:31:48 localhost kernel: SRAT: PXM 0 -> APIC 0xd2 -> Node 0
Apr 16 13:31:48 localhost kernel: SRAT: PXM 0 -> APIC 0xd4 -> Node 0
Apr 16 13:31:48 localhost kernel: SRAT: PXM 0 -> APIC 0xd6 -> Node 0
Apr 16 13:31:48 localhost kernel: SRAT: PXM 0 -> APIC 0xd8 -> Node 0
Apr 16 13:31:48 localhost kernel: SRAT: PXM 0 -> APIC 0xda -> Node 0
Apr 16 13:31:48 localhost kernel: SRAT: PXM 0 -> APIC 0xdc -> Node 0
Apr 16 13:31:48 localhost kernel: SRAT: PXM 0 -> APIC 0xde -> Node 0
Apr 16 13:31:48 localhost kernel: SRAT: PXM 0 -> APIC 0xe0 -> Node 0
Apr 16 13:31:48 localhost kernel: SRAT: PXM 0 -> APIC 0xe2 -> Node 0
Apr 16 13:31:48 localhost kernel: SRAT: PXM 0 -> APIC 0xe4 -> Node 0
Apr 16 13:31:48 localhost kernel: SRAT: PXM 0 -> APIC 0xe6 -> Node 0
Apr 16 13:31:48 localhost kernel: SRAT: PXM 0 -> APIC 0xe8 -> Node 0
Apr 16 13:31:48 localhost kernel: SRAT: PXM 0 -> APIC 0xea -> Node 0
Apr 16 13:31:48 localhost kernel: SRAT: PXM 0 -> APIC 0xec -> Node 0
Apr 16 13:31:48 localhost kernel: SRAT: PXM 0 -> APIC 0xee -> Node 0
Apr 16 13:31:48 localhost kernel: SRAT: PXM 0 -> APIC 0xf0 -> Node 0
Apr 16 13:31:48 localhost kernel: SRAT: PXM 0 -> APIC 0xf2 -> Node 0
Apr 16 13:31:48 localhost kernel: SRAT: PXM 0 -> APIC 0xf4 -> Node 0
Apr 16 13:31:48 localhost kernel: SRAT: PXM 0 -> APIC 0xf6 -> Node 0
Apr 16 13:31:48 localhost kernel: SRAT: PXM 0 -> APIC 0xf8 -> Node 0
Apr 16 13:31:48 localhost kernel: SRAT: PXM 0 -> APIC 0xfa -> Node 0
Apr 16 13:31:48 localhost kernel: SRAT: PXM 0 -> APIC 0xfc -> Node 0
Apr 16 13:31:48 localhost kernel: SRAT: PXM 0 -> APIC 0xfe -> Node 0
Apr 16 13:31:48 localhost kernel: ACPI: SRAT: Node 0 PXM 0 [mem 0x00000000-0x0009ffff]
Apr 16 13:31:48 localhost kernel: ACPI: SRAT: Node 0 PXM 0 [mem 0x00100000-0x7fffffff]
Apr 16 13:31:48 localhost kernel: ACPI: SRAT: Node 0 PXM 0 [mem 0x80000000-0xbfffffff] hotplug
Apr 16 13:31:48 localhost kernel: NUMA: Node 0 [mem 0x00000000-0x0009ffff] + [mem 0x00100000-0x7fffffff] -> [mem 0x00000000-0x7fffffff]
Apr 16 13:31:48 localhost kernel: NODE_DATA(0) allocated [mem 0x7ffd5000-0x7fffffff]
Apr 16 13:31:48 localhost kernel: Zone ranges:
Apr 16 13:31:48 localhost kernel:  DMA      [mem 0x0000000000001000-0x0000000000ffffff]
Apr 16 13:31:48 localhost kernel:  DMA32    [mem 0x0000000001000000-0x000000007fffffff]
Apr 16 13:31:48 localhost kernel:  Normal   empty
Apr 16 13:31:48 localhost kernel:  Device   empty
Apr 16 13:31:48 localhost kernel: Movable zone start for each node
Apr 16 13:31:48 localhost kernel: Early memory node ranges
Apr 16 13:31:48 localhost kernel:  node   0: [mem 0x0000000000001000-0x000000000009dfff]
Apr 16 13:31:48 localhost kernel:  node   0: [mem 0x0000000000100000-0x000000007fedffff]
Apr 16 13:31:48 localhost kernel:  node   0: [mem 0x000000007ff00000-0x000000007fffffff]
Apr 16 13:31:48 localhost kernel: Reserved but unavailable: 131 pages
Apr 16 13:31:48 localhost kernel: Initmem setup node 0 [mem 0x0000000000001000-0x000000007fffffff]
Apr 16 13:31:48 localhost kernel: ACPI: PM-Timer IO Port: 0x1008
Apr 16 13:31:48 localhost kernel: ACPI: LAPIC_NMI (acpi_id[0x00] high edge lint[0x1])
Apr 16 13:31:48 localhost kernel: ACPI: LAPIC_NMI (acpi_id[0x01] high edge lint[0x1])
Apr 16 13:31:48 localhost kernel: ACPI: LAPIC_NMI (acpi_id[0x02] high edge lint[0x1])
Apr 16 13:31:48 localhost kernel: ACPI: LAPIC_NMI (acpi_id[0x03] high edge lint[0x1])
Apr 16 13:31:48 localhost kernel: ACPI: LAPIC_NMI (acpi_id[0x04] high edge lint[0x1])
Apr 16 13:31:48 localhost kernel: ACPI: LAPIC_NMI (acpi_id[0x05] high edge lint[0x1])
Apr 16 13:31:48 localhost kernel: ACPI: LAPIC_NMI (acpi_id[0x06] high edge lint[0x1])
Apr 16 13:31:48 localhost kernel: ACPI: LAPIC_NMI (acpi_id[0x07] high edge lint[0x1])
Apr 16 13:31:48 localhost kernel: ACPI: LAPIC_NMI (acpi_id[0x08] high edge lint[0x1])
Apr 16 13:31:48 localhost kernel: ACPI: LAPIC_NMI (acpi_id[0x09] high edge lint[0x1])
Apr 16 13:31:48 localhost kernel: ACPI: LAPIC_NMI (acpi_id[0x0a] high edge lint[0x1])
Apr 16 13:31:48 localhost kernel: ACPI: LAPIC_NMI (acpi_id[0x0b] high edge lint[0x1])
Apr 16 13:31:48 localhost kernel: ACPI: LAPIC_NMI (acpi_id[0x0c] high edge lint[0x1])
Apr 16 13:31:48 localhost kernel: ACPI: LAPIC_NMI (acpi_id[0x0d] high edge lint[0x1])
Apr 16 13:31:48 localhost kernel: ACPI: LAPIC_NMI (acpi_id[0x0e] high edge lint[0x1])
Apr 16 13:31:48 localhost kernel: ACPI: LAPIC_NMI (acpi_id[0x0f] high edge lint[0x1])
Apr 16 13:31:48 localhost kernel: ACPI: LAPIC_NMI (acpi_id[0x10] high edge lint[0x1])
Apr 16 13:31:48 localhost kernel: ACPI: LAPIC_NMI (acpi_id[0x11] high edge lint[0x1])
Apr 16 13:31:48 localhost kernel: ACPI: LAPIC_NMI (acpi_id[0x12] high edge lint[0x1])
Apr 16 13:31:48 localhost kernel: ACPI: LAPIC_NMI (acpi_id[0x13] high edge lint[0x1])
Apr 16 13:31:48 localhost kernel: ACPI: LAPIC_NMI (acpi_id[0x14] high edge lint[0x1])
Apr 16 13:31:48 localhost kernel: ACPI: LAPIC_NMI (acpi_id[0x15] high edge lint[0x1])
Apr 16 13:31:48 localhost kernel: ACPI: LAPIC_NMI (acpi_id[0x16] high edge lint[0x1])
Apr 16 13:31:48 localhost kernel: ACPI: LAPIC_NMI (acpi_id[0x17] high edge lint[0x1])
Apr 16 13:31:48 localhost kernel: ACPI: LAPIC_NMI (acpi_id[0x18] high edge lint[0x1])
Apr 16 13:31:48 localhost kernel: ACPI: LAPIC_NMI (acpi_id[0x19] high edge lint[0x1])
Apr 16 13:31:48 localhost kernel: ACPI: LAPIC_NMI (acpi_id[0x1a] high edge lint[0x1])
Apr 16 13:31:48 localhost kernel: ACPI: LAPIC_NMI (acpi_id[0x1b] high edge lint[0x1])
Apr 16 13:31:48 localhost kernel: ACPI: LAPIC_NMI (acpi_id[0x1c] high edge lint[0x1])
Apr 16 13:31:48 localhost kernel: ACPI: LAPIC_NMI (acpi_id[0x1d] high edge lint[0x1])
Apr 16 13:31:48 localhost kernel: ACPI: LAPIC_NMI (acpi_id[0x1e] high edge lint[0x1])
Apr 16 13:31:48 localhost kernel: ACPI: LAPIC_NMI (acpi_id[0x1f] high edge lint[0x1])
Apr 16 13:31:48 localhost kernel: ACPI: LAPIC_NMI (acpi_id[0x20] high edge lint[0x1])
Apr 16 13:31:48 localhost kernel: ACPI: LAPIC_NMI (acpi_id[0x21] high edge lint[0x1])
Apr 16 13:31:48 localhost kernel: ACPI: LAPIC_NMI (acpi_id[0x22] high edge lint[0x1])
Apr 16 13:31:48 localhost kernel: ACPI: LAPIC_NMI (acpi_id[0x23] high edge lint[0x1])
Apr 16 13:31:48 localhost kernel: ACPI: LAPIC_NMI (acpi_id[0x24] high edge lint[0x1])
Apr 16 13:31:48 localhost kernel: ACPI: LAPIC_NMI (acpi_id[0x25] high edge lint[0x1])
Apr 16 13:31:48 localhost kernel: ACPI: LAPIC_NMI (acpi_id[0x26] high edge lint[0x1])
Apr 16 13:31:48 localhost kernel: ACPI: LAPIC_NMI (acpi_id[0x27] high edge lint[0x1])
Apr 16 13:31:48 localhost kernel: ACPI: LAPIC_NMI (acpi_id[0x28] high edge lint[0x1])
Apr 16 13:31:48 localhost kernel: ACPI: LAPIC_NMI (acpi_id[0x29] high edge lint[0x1])
Apr 16 13:31:48 localhost kernel: ACPI: LAPIC_NMI (acpi_id[0x2a] high edge lint[0x1])
Apr 16 13:31:48 localhost kernel: ACPI: LAPIC_NMI (acpi_id[0x2b] high edge lint[0x1])
Apr 16 13:31:48 localhost kernel: ACPI: LAPIC_NMI (acpi_id[0x2c] high edge lint[0x1])
Apr 16 13:31:48 localhost kernel: ACPI: LAPIC_NMI (acpi_id[0x2d] high edge lint[0x1])
Apr 16 13:31:48 localhost kernel: ACPI: LAPIC_NMI (acpi_id[0x2e] high edge lint[0x1])
Apr 16 13:31:48 localhost kernel: ACPI: LAPIC_NMI (acpi_id[0x2f] high edge lint[0x1])
Apr 16 13:31:48 localhost kernel: ACPI: LAPIC_NMI (acpi_id[0x30] high edge lint[0x1])
Apr 16 13:31:48 localhost kernel: ACPI: LAPIC_NMI (acpi_id[0x31] high edge lint[0x1])
Apr 16 13:31:48 localhost kernel: ACPI: LAPIC_NMI (acpi_id[0x32] high edge lint[0x1])
Apr 16 13:31:48 localhost kernel: ACPI: LAPIC_NMI (acpi_id[0x33] high edge lint[0x1])
Apr 16 13:31:48 localhost kernel: ACPI: LAPIC_NMI (acpi_id[0x34] high edge lint[0x1])
Apr 16 13:31:48 localhost kernel: ACPI: LAPIC_NMI (acpi_id[0x35] high edge lint[0x1])
Apr 16 13:31:48 localhost kernel: ACPI: LAPIC_NMI (acpi_id[0x36] high edge lint[0x1])
Apr 16 13:31:48 localhost kernel: ACPI: LAPIC_NMI (acpi_id[0x37] high edge lint[0x1])
Apr 16 13:31:48 localhost kernel: ACPI: LAPIC_NMI (acpi_id[0x38] high edge lint[0x1])
Apr 16 13:31:48 localhost kernel: ACPI: LAPIC_NMI (acpi_id[0x39] high edge lint[0x1])
Apr 16 13:31:48 localhost kernel: ACPI: LAPIC_NMI (acpi_id[0x3a] high edge lint[0x1])
Apr 16 13:31:48 localhost kernel: ACPI: LAPIC_NMI (acpi_id[0x3b] high edge lint[0x1])
Apr 16 13:31:48 localhost kernel: ACPI: LAPIC_NMI (acpi_id[0x3c] high edge lint[0x1])
Apr 16 13:31:48 localhost kernel: ACPI: LAPIC_NMI (acpi_id[0x3d] high edge lint[0x1])
Apr 16 13:31:48 localhost kernel: ACPI: LAPIC_NMI (acpi_id[0x3e] high edge lint[0x1])
Apr 16 13:31:48 localhost kernel: ACPI: LAPIC_NMI (acpi_id[0x3f] high edge lint[0x1])
Apr 16 13:31:48 localhost kernel: ACPI: LAPIC_NMI (acpi_id[0x40] high edge lint[0x1])
Apr 16 13:31:48 localhost kernel: ACPI: LAPIC_NMI (acpi_id[0x41] high edge lint[0x1])
Apr 16 13:31:48 localhost kernel: ACPI: LAPIC_NMI (acpi_id[0x42] high edge lint[0x1])
Apr 16 13:31:48 localhost kernel: ACPI: LAPIC_NMI (acpi_id[0x43] high edge lint[0x1])
Apr 16 13:31:48 localhost kernel: ACPI: LAPIC_NMI (acpi_id[0x44] high edge lint[0x1])
Apr 16 13:31:48 localhost kernel: ACPI: LAPIC_NMI (acpi_id[0x45] high edge lint[0x1])
Apr 16 13:31:48 localhost kernel: ACPI: LAPIC_NMI (acpi_id[0x46] high edge lint[0x1])
Apr 16 13:31:48 localhost kernel: ACPI: LAPIC_NMI (acpi_id[0x47] high edge lint[0x1])
Apr 16 13:31:48 localhost kernel: ACPI: LAPIC_NMI (acpi_id[0x48] high edge lint[0x1])
Apr 16 13:31:48 localhost kernel: ACPI: LAPIC_NMI (acpi_id[0x49] high edge lint[0x1])
Apr 16 13:31:48 localhost kernel: ACPI: LAPIC_NMI (acpi_id[0x4a] high edge lint[0x1])
Apr 16 13:31:48 localhost kernel: ACPI: LAPIC_NMI (acpi_id[0x4b] high edge lint[0x1])
Apr 16 13:31:48 localhost kernel: ACPI: LAPIC_NMI (acpi_id[0x4c] high edge lint[0x1])
Apr 16 13:31:48 localhost kernel: ACPI: LAPIC_NMI (acpi_id[0x4d] high edge lint[0x1])
Apr 16 13:31:48 localhost kernel: ACPI: LAPIC_NMI (acpi_id[0x4e] high edge lint[0x1])
Apr 16 13:31:48 localhost kernel: ACPI: LAPIC_NMI (acpi_id[0x4f] high edge lint[0x1])
Apr 16 13:31:48 localhost kernel: ACPI: LAPIC_NMI (acpi_id[0x50] high edge lint[0x1])
Apr 16 13:31:48 localhost kernel: ACPI: LAPIC_NMI (acpi_id[0x51] high edge lint[0x1])
Apr 16 13:31:48 localhost kernel: ACPI: LAPIC_NMI (acpi_id[0x52] high edge lint[0x1])
Apr 16 13:31:48 localhost kernel: ACPI: LAPIC_NMI (acpi_id[0x53] high edge lint[0x1])
Apr 16 13:31:48 localhost kernel: ACPI: LAPIC_NMI (acpi_id[0x54] high edge lint[0x1])
Apr 16 13:31:48 localhost kernel: ACPI: LAPIC_NMI (acpi_id[0x55] high edge lint[0x1])
Apr 16 13:31:48 localhost kernel: ACPI: LAPIC_NMI (acpi_id[0x56] high edge lint[0x1])
Apr 16 13:31:48 localhost kernel: ACPI: LAPIC_NMI (acpi_id[0x57] high edge lint[0x1])
Apr 16 13:31:48 localhost kernel: ACPI: LAPIC_NMI (acpi_id[0x58] high edge lint[0x1])
Apr 16 13:31:48 localhost kernel: ACPI: LAPIC_NMI (acpi_id[0x59] high edge lint[0x1])
Apr 16 13:31:48 localhost kernel: ACPI: LAPIC_NMI (acpi_id[0x5a] high edge lint[0x1])
Apr 16 13:31:48 localhost kernel: ACPI: LAPIC_NMI (acpi_id[0x5b] high edge lint[0x1])
Apr 16 13:31:48 localhost kernel: ACPI: LAPIC_NMI (acpi_id[0x5c] high edge lint[0x1])
Apr 16 13:31:48 localhost kernel: ACPI: LAPIC_NMI (acpi_id[0x5d] high edge lint[0x1])
Apr 16 13:31:48 localhost kernel: ACPI: LAPIC_NMI (acpi_id[0x5e] high edge lint[0x1])
Apr 16 13:31:48 localhost kernel: ACPI: LAPIC_NMI (acpi_id[0x5f] high edge lint[0x1])
Apr 16 13:31:48 localhost kernel: ACPI: LAPIC_NMI (acpi_id[0x60] high edge lint[0x1])
Apr 16 13:31:48 localhost kernel: ACPI: LAPIC_NMI (acpi_id[0x61] high edge lint[0x1])
Apr 16 13:31:48 localhost kernel: ACPI: LAPIC_NMI (acpi_id[0x62] high edge lint[0x1])
Apr 16 13:31:48 localhost kernel: ACPI: LAPIC_NMI (acpi_id[0x63] high edge lint[0x1])
Apr 16 13:31:48 localhost kernel: ACPI: LAPIC_NMI (acpi_id[0x64] high edge lint[0x1])
Apr 16 13:31:48 localhost kernel: ACPI: LAPIC_NMI (acpi_id[0x65] high edge lint[0x1])
Apr 16 13:31:48 localhost kernel: ACPI: LAPIC_NMI (acpi_id[0x66] high edge lint[0x1])
Apr 16 13:31:48 localhost kernel: ACPI: LAPIC_NMI (acpi_id[0x67] high edge lint[0x1])
Apr 16 13:31:48 localhost kernel: ACPI: LAPIC_NMI (acpi_id[0x68] high edge lint[0x1])
Apr 16 13:31:48 localhost kernel: ACPI: LAPIC_NMI (acpi_id[0x69] high edge lint[0x1])
Apr 16 13:31:48 localhost kernel: ACPI: LAPIC_NMI (acpi_id[0x6a] high edge lint[0x1])
Apr 16 13:31:48 localhost kernel: ACPI: LAPIC_NMI (acpi_id[0x6b] high edge lint[0x1])
Apr 16 13:31:48 localhost kernel: ACPI: LAPIC_NMI (acpi_id[0x6c] high edge lint[0x1])
Apr 16 13:31:48 localhost kernel: ACPI: LAPIC_NMI (acpi_id[0x6d] high edge lint[0x1])
Apr 16 13:31:48 localhost kernel: ACPI: LAPIC_NMI (acpi_id[0x6e] high edge lint[0x1])
Apr 16 13:31:48 localhost kernel: ACPI: LAPIC_NMI (acpi_id[0x6f] high edge lint[0x1])
Apr 16 13:31:48 localhost kernel: ACPI: LAPIC_NMI (acpi_id[0x70] high edge lint[0x1])
Apr 16 13:31:48 localhost kernel: ACPI: LAPIC_NMI (acpi_id[0x71] high edge lint[0x1])
Apr 16 13:31:48 localhost kernel: ACPI: LAPIC_NMI (acpi_id[0x72] high edge lint[0x1])
Apr 16 13:31:48 localhost kernel: ACPI: LAPIC_NMI (acpi_id[0x73] high edge lint[0x1])
Apr 16 13:31:48 localhost kernel: ACPI: LAPIC_NMI (acpi_id[0x74] high edge lint[0x1])
Apr 16 13:31:48 localhost kernel: ACPI: LAPIC_NMI (acpi_id[0x75] high edge lint[0x1])
Apr 16 13:31:48 localhost kernel: ACPI: LAPIC_NMI (acpi_id[0x76] high edge lint[0x1])
Apr 16 13:31:48 localhost kernel: ACPI: LAPIC_NMI (acpi_id[0x77] high edge lint[0x1])
Apr 16 13:31:48 localhost kernel: ACPI: LAPIC_NMI (acpi_id[0x78] high edge lint[0x1])
Apr 16 13:31:48 localhost kernel: ACPI: LAPIC_NMI (acpi_id[0x79] high edge lint[0x1])
Apr 16 13:31:48 localhost kernel: ACPI: LAPIC_NMI (acpi_id[0x7a] high edge lint[0x1])
Apr 16 13:31:48 localhost kernel: ACPI: LAPIC_NMI (acpi_id[0x7b] high edge lint[0x1])
Apr 16 13:31:48 localhost kernel: ACPI: LAPIC_NMI (acpi_id[0x7c] high edge lint[0x1])
Apr 16 13:31:48 localhost kernel: ACPI: LAPIC_NMI (acpi_id[0x7d] high edge lint[0x1])
Apr 16 13:31:48 localhost kernel: ACPI: LAPIC_NMI (acpi_id[0x7e] high edge lint[0x1])
Apr 16 13:31:48 localhost kernel: ACPI: LAPIC_NMI (acpi_id[0x7f] high edge lint[0x1])
Apr 16 13:31:48 localhost kernel: IOAPIC[0]: apic_id 1, version 32, address 0xfec00000, GSI 0-23
Apr 16 13:31:48 localhost kernel: ACPI: INT_SRC_OVR (bus 0 bus_irq 0 global_irq 2 high edge)
Apr 16 13:31:48 localhost kernel: Using ACPI (MADT) for SMP configuration information
Apr 16 13:31:48 localhost kernel: ACPI: HPET id: 0x8086af01 base: 0xfed00000
Apr 16 13:31:48 localhost kernel: smpboot: Allowing 128 CPUs, 127 hotplug CPUs
Apr 16 13:31:48 localhost kernel: PM: Registered nosave memory: [mem 0x00000000-0x00000fff]
Apr 16 13:31:48 localhost kernel: PM: Registered nosave memory: [mem 0x0009e000-0x0009efff]
Apr 16 13:31:48 localhost kernel: PM: Registered nosave memory: [mem 0x0009f000-0x0009ffff]
Apr 16 13:31:48 localhost kernel: PM: Registered nosave memory: [mem 0x000a0000-0x000dbfff]
Apr 16 13:31:48 localhost kernel: PM: Registered nosave memory: [mem 0x000dc000-0x000fffff]
Apr 16 13:31:48 localhost kernel: PM: Registered nosave memory: [mem 0x7fee0000-0x7fefefff]
Apr 16 13:31:48 localhost kernel: PM: Registered nosave memory: [mem 0x7feff000-0x7fefffff]
Apr 16 13:31:48 localhost kernel: [mem 0x80000000-0xefffffff] available for PCI devices
Apr 16 13:31:48 localhost kernel: Booting paravirtualized kernel on VMware hypervisor
Apr 16 13:31:48 localhost kernel: clocksource: refined-jiffies: mask: 0xffffffff max_cycles: 0xffffffff, max_idle_ns: 1910969940391419 ns
Apr 16 13:31:48 localhost kernel: random: get_random_bytes called from start_kernel+0x93/0x558 with crng_init=0
Apr 16 13:31:48 localhost kernel: setup_percpu: NR_CPUS:1024 nr_cpumask_bits:128 nr_cpu_ids:128 nr_node_ids:1
Apr 16 13:31:48 localhost kernel: percpu: Embedded 45 pages/cpu @(____ptrval____) s147456 r8192 d28672 u262144
Apr 16 13:31:48 localhost kernel: Built 1 zonelists, mobility grouping on.  Total pages: 515944
Apr 16 13:31:48 localhost kernel: Policy zone: DMA32
Apr 16 13:31:48 localhost kernel: Kernel command line: BOOT_IMAGE=/vmlinuz-4.18.16-300.fc29.x86_64 root=/dev/mapper/fedora-root ro resume=/dev/mapper/fedora-swap rd.lvm.lv=fedora/root rd.lvm.lv=fedora/swap rhgb quiet LANG=en_US.UTF-8
Apr 16 13:31:48 localhost kernel: log_buf_len individual max cpu contribution: 4096 bytes
Apr 16 13:31:48 localhost kernel: log_buf_len total cpu_extra contributions: 520192 bytes
Apr 16 13:31:48 localhost kernel: log_buf_len min size: 262144 bytes
Apr 16 13:31:48 localhost kernel: log_buf_len: 1048576 bytes
Apr 16 13:31:48 localhost kernel: early log buf free: 236764(90%)
Apr 16 13:31:48 localhost kernel: Memory: 1988748K/2096628K available (12300K kernel code, 1624K rwdata, 4056K rodata, 2160K init, 1336K bss, 107880K reserved, 0K cma-reserved)
Apr 16 13:31:48 localhost kernel: SLUB: HWalign=64, Order=0-3, MinObjects=0, CPUs=128, Nodes=1
Apr 16 13:31:48 localhost kernel: Kernel/User page tables isolation: enabled
Apr 16 13:31:48 localhost kernel: ftrace: allocating 37988 entries in 149 pages
Apr 16 13:31:48 localhost kernel: Hierarchical RCU implementation.
Apr 16 13:31:48 localhost kernel: #011RCU restricting CPUs from NR_CPUS=1024 to nr_cpu_ids=128.
Apr 16 13:31:48 localhost kernel: #011Tasks RCU enabled.
Apr 16 13:31:48 localhost kernel: RCU: Adjusting geometry for rcu_fanout_leaf=16, nr_cpu_ids=128
Apr 16 13:31:48 localhost kernel: NR_IRQS: 65792, nr_irqs: 1448, preallocated irqs: 16
Apr 16 13:31:48 localhost kernel: Console: colour VGA+ 80x25
Apr 16 13:31:48 localhost kernel: console [tty0] enabled
Apr 16 13:31:48 localhost kernel: ACPI: Core revision 20180531
Apr 16 13:31:48 localhost kernel: clocksource: hpet: mask: 0xffffffff max_cycles: 0xffffffff, max_idle_ns: 133484882848 ns
Apr 16 13:31:48 localhost kernel: APIC: Switch to symmetric I/O mode setup
Apr 16 13:31:48 localhost kernel: x2apic enabled
Apr 16 13:31:48 localhost kernel: Switched APIC routing to physical x2apic.
Apr 16 13:31:48 localhost kernel: ..TIMER: vector=0x30 apic1=0 pin1=2 apic2=-1 pin2=-1
Apr 16 13:31:48 localhost kernel: tsc: Detected 2208.000 MHz processor
Apr 16 13:31:48 localhost kernel: clocksource: tsc-early: mask: 0xffffffffffffffff max_cycles: 0x1fd3b81b95f, max_idle_ns: 440795257325 ns
Apr 16 13:31:48 localhost kernel: Calibrating delay loop (skipped) preset value.. 4416.00 BogoMIPS (lpj=2208000)
Apr 16 13:31:48 localhost kernel: pid_max: default: 131072 minimum: 1024
Apr 16 13:31:48 localhost kernel: Security Framework initialized
Apr 16 13:31:48 localhost kernel: Yama: becoming mindful.
Apr 16 13:31:48 localhost kernel: SELinux:  Initializing.
Apr 16 13:31:48 localhost kernel: Dentry cache hash table entries: 262144 (order: 9, 2097152 bytes)
Apr 16 13:31:48 localhost kernel: Inode-cache hash table entries: 131072 (order: 8, 1048576 bytes)
Apr 16 13:31:48 localhost kernel: Mount-cache hash table entries: 4096 (order: 3, 32768 bytes)
Apr 16 13:31:48 localhost kernel: Mountpoint-cache hash table entries: 4096 (order: 3, 32768 bytes)
Apr 16 13:31:48 localhost kernel: Disabled fast string operations
Apr 16 13:31:48 localhost kernel: mce: CPU supports 8 MCE banks
Apr 16 13:31:48 localhost kernel: Last level iTLB entries: 4KB 64, 2MB 8, 4MB 8
Apr 16 13:31:48 localhost kernel: Last level dTLB entries: 4KB 64, 2MB 0, 4MB 0, 1GB 4
Apr 16 13:31:48 localhost kernel: Spectre V2 : Mitigation: Full generic retpoline
Apr 16 13:31:48 localhost kernel: Spectre V2 : Spectre v2 / SpectreRSB mitigation: Filling RSB on context switch
Apr 16 13:31:48 localhost kernel: Spectre V2 : Spectre v2 mitigation: Enabling Indirect Branch Prediction Barrier
Apr 16 13:31:48 localhost kernel: Spectre V2 : Enabling Restricted Speculation for firmware calls
Apr 16 13:31:48 localhost kernel: Speculative Store Bypass: Mitigation: Speculative Store Bypass disabled via prctl and seccomp
Apr 16 13:31:48 localhost kernel: smpboot: CPU0: Intel(R) Core(TM) i7-8750H CPU @ 2.20GHz (family: 0x6, model: 0x9e, stepping: 0xa)
Apr 16 13:31:48 localhost kernel: Performance Events: Skylake events, core PMU driver.
Apr 16 13:31:48 localhost kernel: core: CPUID marked event: 'cpu cycles' unavailable
Apr 16 13:31:48 localhost kernel: core: CPUID marked event: 'instructions' unavailable
Apr 16 13:31:48 localhost kernel: core: CPUID marked event: 'bus cycles' unavailable
Apr 16 13:31:48 localhost kernel: core: CPUID marked event: 'cache references' unavailable
Apr 16 13:31:48 localhost kernel: core: CPUID marked event: 'cache misses' unavailable
Apr 16 13:31:48 localhost kernel: core: CPUID marked event: 'branch instructions' unavailable
Apr 16 13:31:48 localhost kernel: core: CPUID marked event: 'branch misses' unavailable
Apr 16 13:31:48 localhost kernel: ... version:                1
Apr 16 13:31:48 localhost kernel: ... bit width:              48
Apr 16 13:31:48 localhost kernel: ... generic registers:      4
Apr 16 13:31:48 localhost kernel: ... value mask:             0000ffffffffffff
Apr 16 13:31:48 localhost kernel: ... max period:             000000007fffffff
Apr 16 13:31:48 localhost kernel: ... fixed-purpose events:   0
Apr 16 13:31:48 localhost kernel: ... event mask:             000000000000000f
Apr 16 13:31:48 localhost kernel: Hierarchical SRCU implementation.
Apr 16 13:31:48 localhost kernel: random: crng done (trusting CPU's manufacturer)
Apr 16 13:31:48 localhost kernel: NMI watchdog: Perf event create on CPU 0 failed with -2
Apr 16 13:31:48 localhost kernel: NMI watchdog: Perf NMI watchdog permanently disabled
Apr 16 13:31:48 localhost kernel: smp: Bringing up secondary CPUs ...
Apr 16 13:31:48 localhost kernel: smp: Brought up 1 node, 1 CPU
Apr 16 13:31:48 localhost kernel: smpboot: Max logical packages: 128
Apr 16 13:31:48 localhost kernel: smpboot: Total of 1 processors activated (4416.00 BogoMIPS)
Apr 16 13:31:48 localhost kernel: devtmpfs: initialized
Apr 16 13:31:48 localhost kernel: x86/mm: Memory block size: 128MB
Apr 16 13:31:48 localhost kernel: PM: Registering ACPI NVS region [mem 0x7feff000-0x7fefffff] (4096 bytes)
Apr 16 13:31:48 localhost kernel: clocksource: jiffies: mask: 0xffffffff max_cycles: 0xffffffff, max_idle_ns: 1911260446275000 ns
Apr 16 13:31:48 localhost kernel: futex hash table entries: 32768 (order: 9, 2097152 bytes)
Apr 16 13:31:48 localhost kernel: pinctrl core: initialized pinctrl subsystem
Apr 16 13:31:48 localhost kernel: RTC time: 20:31:47, date: 04/16/19
Apr 16 13:31:48 localhost kernel: NET: Registered protocol family 16
Apr 16 13:31:48 localhost kernel: audit: initializing netlink subsys (disabled)
Apr 16 13:31:48 localhost kernel: cpuidle: using governor menu
Apr 16 13:31:48 localhost kernel: Simple Boot Flag at 0x36 set to 0x80
Apr 16 13:31:48 localhost kernel: ACPI: bus type PCI registered
Apr 16 13:31:48 localhost kernel: acpiphp: ACPI Hot Plug PCI Controller Driver version: 0.5
Apr 16 13:31:48 localhost kernel: PCI: MMCONFIG for domain 0000 [bus 00-7f] at [mem 0xf0000000-0xf7ffffff] (base 0xf0000000)
Apr 16 13:31:48 localhost kernel: PCI: MMCONFIG at [mem 0xf0000000-0xf7ffffff] reserved in E820
Apr 16 13:31:48 localhost kernel: pmd_set_huge: Cannot satisfy [mem 0xf0000000-0xf0200000] with a huge-page mapping due to MTRR override.
Apr 16 13:31:48 localhost kernel: PCI: Using configuration type 1 for base access
Apr 16 13:31:48 localhost kernel: audit: type=2000 audit(1555446707.018:1): state=initialized audit_enabled=0 res=1
Apr 16 13:31:48 localhost kernel: HugeTLB registered 1.00 GiB page size, pre-allocated 0 pages
Apr 16 13:31:48 localhost kernel: HugeTLB registered 2.00 MiB page size, pre-allocated 0 pages
Apr 16 13:31:48 localhost kernel: cryptd: max_cpu_qlen set to 1000
Apr 16 13:31:48 localhost kernel: ACPI: Added _OSI(Module Device)
Apr 16 13:31:48 localhost kernel: ACPI: Added _OSI(Processor Device)
Apr 16 13:31:48 localhost kernel: ACPI: Added _OSI(3.0 _SCP Extensions)
Apr 16 13:31:48 localhost kernel: ACPI: Added _OSI(Processor Aggregator Device)
Apr 16 13:31:48 localhost kernel: ACPI: Added _OSI(Linux-Dell-Video)
Apr 16 13:31:48 localhost kernel: ACPI: 1 ACPI AML tables successfully acquired and loaded
Apr 16 13:31:48 localhost kernel: ACPI: [Firmware Bug]: BIOS _OSI(Linux) query ignored
Apr 16 13:31:48 localhost kernel: ACPI: Interpreter enabled
Apr 16 13:31:48 localhost kernel: ACPI: (supports S0 S1 S4 S5)
Apr 16 13:31:48 localhost kernel: ACPI: Using IOAPIC for interrupt routing
Apr 16 13:31:48 localhost kernel: PCI: Using host bridge windows from ACPI; if necessary, use "pci=nocrs" and report a bug
Apr 16 13:31:48 localhost kernel: ACPI: Enabled 4 GPEs in block 00 to 0F
Apr 16 13:31:48 localhost kernel: ACPI: PCI Root Bridge [PCI0] (domain 0000 [bus 00-7f])
Apr 16 13:31:48 localhost kernel: acpi PNP0A03:00: _OSC: OS supports [ExtendedConfig ASPM ClockPM Segments MSI]
Apr 16 13:31:48 localhost kernel: acpi PNP0A03:00: _OSC: platform does not support [AER LTR]
Apr 16 13:31:48 localhost kernel: acpi PNP0A03:00: _OSC: OS now controls [PCIeHotplug SHPCHotplug PME PCIeCapability]
Apr 16 13:31:48 localhost kernel: PCI host bridge to bus 0000:00
Apr 16 13:31:48 localhost kernel: pci_bus 0000:00: root bus resource [mem 0x000a0000-0x000bffff window]
Apr 16 13:31:48 localhost kernel: pci_bus 0000:00: root bus resource [mem 0x000cc000-0x000cffff window]
Apr 16 13:31:48 localhost kernel: pci_bus 0000:00: root bus resource [mem 0x000d0000-0x000d3fff window]
Apr 16 13:31:48 localhost kernel: pci_bus 0000:00: root bus resource [mem 0x000d4000-0x000d7fff window]
Apr 16 13:31:48 localhost kernel: pci_bus 0000:00: root bus resource [mem 0x000d8000-0x000dbfff window]
Apr 16 13:31:48 localhost kernel: pci_bus 0000:00: root bus resource [mem 0xc0000000-0xfebfffff window]
Apr 16 13:31:48 localhost kernel: pci_bus 0000:00: root bus resource [io  0x0000-0x0cf7 window]
Apr 16 13:31:48 localhost kernel: pci_bus 0000:00: root bus resource [io  0x0d00-0xfeff window]
Apr 16 13:31:48 localhost kernel: pci_bus 0000:00: root bus resource [bus 00-7f]
Apr 16 13:31:48 localhost kernel: pci 0000:00:07.1: legacy IDE quirk: reg 0x10: [io  0x01f0-0x01f7]
Apr 16 13:31:48 localhost kernel: pci 0000:00:07.1: legacy IDE quirk: reg 0x14: [io  0x03f6]
Apr 16 13:31:48 localhost kernel: pci 0000:00:07.1: legacy IDE quirk: reg 0x18: [io  0x0170-0x0177]
Apr 16 13:31:48 localhost kernel: pci 0000:00:07.1: legacy IDE quirk: reg 0x1c: [io  0x0376]
Apr 16 13:31:48 localhost kernel: pci 0000:00:07.3: quirk: [io  0x1000-0x103f] claimed by PIIX4 ACPI
Apr 16 13:31:48 localhost kernel: pci 0000:00:07.3: quirk: [io  0x1040-0x104f] claimed by PIIX4 SMB
Apr 16 13:31:48 localhost kernel: pci_bus 0000:01: extended config space not accessible
Apr 16 13:31:48 localhost kernel: pci 0000:00:01.0: PCI bridge to [bus 01]
Apr 16 13:31:48 localhost kernel: pci_bus 0000:02: extended config space not accessible
Apr 16 13:31:48 localhost kernel: acpiphp: Slot [32] registered
Apr 16 13:31:48 localhost kernel: acpiphp: Slot [33] registered
Apr 16 13:31:48 localhost kernel: acpiphp: Slot [34] registered
Apr 16 13:31:48 localhost kernel: acpiphp: Slot [35] registered
Apr 16 13:31:48 localhost kernel: acpiphp: Slot [36] registered
Apr 16 13:31:48 localhost kernel: acpiphp: Slot [37] registered
Apr 16 13:31:48 localhost kernel: acpiphp: Slot [38] registered
Apr 16 13:31:48 localhost kernel: acpiphp: Slot [39] registered
Apr 16 13:31:48 localhost kernel: acpiphp: Slot [40] registered
Apr 16 13:31:48 localhost kernel: acpiphp: Slot [41] registered
Apr 16 13:31:48 localhost kernel: acpiphp: Slot [42] registered
Apr 16 13:31:48 localhost kernel: acpiphp: Slot [43] registered
Apr 16 13:31:48 localhost kernel: acpiphp: Slot [44] registered
Apr 16 13:31:48 localhost kernel: acpiphp: Slot [45] registered
Apr 16 13:31:48 localhost kernel: acpiphp: Slot [46] registered
Apr 16 13:31:48 localhost kernel: acpiphp: Slot [47] registered
Apr 16 13:31:48 localhost kernel: acpiphp: Slot [48] registered
Apr 16 13:31:48 localhost kernel: acpiphp: Slot [49] registered
Apr 16 13:31:48 localhost kernel: acpiphp: Slot [50] registered
Apr 16 13:31:48 localhost kernel: acpiphp: Slot [51] registered
Apr 16 13:31:48 localhost kernel: acpiphp: Slot [52] registered
Apr 16 13:31:48 localhost kernel: acpiphp: Slot [53] registered
Apr 16 13:31:48 localhost kernel: acpiphp: Slot [54] registered
Apr 16 13:31:48 localhost kernel: acpiphp: Slot [55] registered
Apr 16 13:31:48 localhost kernel: acpiphp: Slot [56] registered
Apr 16 13:31:48 localhost kernel: acpiphp: Slot [57] registered
Apr 16 13:31:48 localhost kernel: acpiphp: Slot [58] registered
Apr 16 13:31:48 localhost kernel: acpiphp: Slot [59] registered
Apr 16 13:31:48 localhost kernel: acpiphp: Slot [60] registered
Apr 16 13:31:48 localhost kernel: acpiphp: Slot [61] registered
Apr 16 13:31:48 localhost kernel: acpiphp: Slot [62] registered
Apr 16 13:31:48 localhost kernel: acpiphp: Slot [63] registered
Apr 16 13:31:48 localhost kernel: pci 0000:00:11.0: PCI bridge to [bus 02] (subtractive decode)
Apr 16 13:31:48 localhost kernel: pci 0000:00:15.0: PCI bridge to [bus 03]
Apr 16 13:31:48 localhost kernel: pci 0000:00:15.1: PCI bridge to [bus 04]
Apr 16 13:31:48 localhost kernel: pci 0000:00:15.2: PCI bridge to [bus 05]
Apr 16 13:31:48 localhost kernel: pci 0000:00:15.3: PCI bridge to [bus 06]
Apr 16 13:31:48 localhost kernel: pci 0000:00:15.4: PCI bridge to [bus 07]
Apr 16 13:31:48 localhost kernel: pci 0000:00:15.5: PCI bridge to [bus 08]
Apr 16 13:31:48 localhost kernel: pci 0000:00:15.6: PCI bridge to [bus 09]
Apr 16 13:31:48 localhost kernel: pci 0000:00:15.7: PCI bridge to [bus 0a]
Apr 16 13:31:48 localhost kernel: pci 0000:00:16.0: PCI bridge to [bus 0b]
Apr 16 13:31:48 localhost kernel: pci 0000:00:16.1: PCI bridge to [bus 0c]
Apr 16 13:31:48 localhost kernel: pci 0000:00:16.2: PCI bridge to [bus 0d]
Apr 16 13:31:48 localhost kernel: pci 0000:00:16.3: PCI bridge to [bus 0e]
Apr 16 13:31:48 localhost kernel: pci 0000:00:16.4: PCI bridge to [bus 0f]
Apr 16 13:31:48 localhost kernel: pci 0000:00:16.5: PCI bridge to [bus 10]
Apr 16 13:31:48 localhost kernel: pci 0000:00:16.6: PCI bridge to [bus 11]
Apr 16 13:31:48 localhost kernel: pci 0000:00:16.7: PCI bridge to [bus 12]
Apr 16 13:31:48 localhost kernel: pci 0000:00:17.0: PCI bridge to [bus 13]
Apr 16 13:31:48 localhost kernel: pci 0000:00:17.1: PCI bridge to [bus 14]
Apr 16 13:31:48 localhost kernel: pci 0000:00:17.2: PCI bridge to [bus 15]
Apr 16 13:31:48 localhost kernel: pci 0000:00:17.3: PCI bridge to [bus 16]
Apr 16 13:31:48 localhost kernel: pci 0000:00:17.4: PCI bridge to [bus 17]
Apr 16 13:31:48 localhost kernel: pci 0000:00:17.5: PCI bridge to [bus 18]
Apr 16 13:31:48 localhost kernel: pci 0000:00:17.6: PCI bridge to [bus 19]
Apr 16 13:31:48 localhost kernel: pci 0000:00:17.7: PCI bridge to [bus 1a]
Apr 16 13:31:48 localhost kernel: pci 0000:00:18.0: PCI bridge to [bus 1b]
Apr 16 13:31:48 localhost kernel: pci 0000:00:18.1: PCI bridge to [bus 1c]
Apr 16 13:31:48 localhost kernel: pci 0000:00:18.2: PCI bridge to [bus 1d]
